209.126.116.134 - - [24/Oct/2015:01:38:33 -0400] "GET / HTTP/1.1" 200 27 "-" "Mozilla/5.0 (X11; Linux x86_64) AppleWebKit/537.36 (KHTML, like Gecko) Ubuntu Chromium/45.0.2454.85 Chrome/45.0.2454.85 Safari/537.36"
209.126.116.134 - - [24/Oct/2015:01:38:33 -0400] "GET / HTTP/1.1" 200 27 "-" "Mozilla/5.0 (X11; Linux x86_64) AppleWebKit/537.36 (KHTML, like Gecko) Ubuntu Chromium/45.0.2454.85 Chrome/45.0.2454.85 Safari/537.36"
209.126.116.134 - - [24/Oct/2015:01:53:13 -0400] "GET / HTTP/1.1" 200 27 "-" "Mozilla/5.0 (X11; Linux x86_64) AppleWebKit/537.36 (KHTML, like Gecko) Ubuntu Chromium/45.0.2454.85 Chrome/45.0.2454.85 Safari/537.36"
209.126.116.134 - - [24/Oct/2015:01:54:46 -0400] "GET / HTTP/1.1" 200 27 "-" "Mozilla/5.0 (X11; Linux x86_64) AppleWebKit/537.36 (KHTML, like Gecko) Ubuntu Chromium/45.0.2454.85 Chrome/45.0.2454.85 Safari/537.36"
209.126.116.134 - - [24/Oct/2015:01:55:23 -0400] "GET / HTTP/1.1" 200 27 "-" "Mozilla/5.0 (X11; Linux x86_64) AppleWebKit/537.36 (KHTML, like Gecko) Ubuntu Chromium/45.0.2454.85 Chrome/45.0.2454.85 Safari/537.36"
116.203.76.187 - - [24/Oct/2015:02:01:51 -0400] "GET / HTTP/1.1" 200 27 "-" "Mozilla/5.0 (Windows NT 6.1) AppleWebKit/537.36 (KHTML, like Gecko) Chrome/46.0.2490.80 Safari/537.36"
116.203.76.187 - - [24/Oct/2015:02:01:52 -0400] "GET /favicon.ico HTTP/1.1" 404 233 "http://188.166.249.229:8080/" "Mozilla/5.0 (Windows NT 6.1) AppleWebKit/537.36 (KHTML, like Gecko) Chrome/46.0.2490.80 Safari/537.36"
116.203.76.187 - - [24/Oct/2015:02:03:00 -0400] "POST /authenticate HTTP/1.1" 200 123 "-" "Apache-HttpClient/UNAVAILABLE (java 1.4)"
116.203.76.187 - - [24/Oct/2015:02:04:06 -0400] "POST /authenticate HTTP/1.1" 200 123 "-" "Apache-HttpClient/UNAVAILABLE (java 1.4)"
116.203.76.187 - - [24/Oct/2015:02:05:27 -0400] "POST /authenticate HTTP/1.1" 200 123 "-" "Apache-HttpClient/UNAVAILABLE (java 1.4)"
115.231.222.14 - - [24/Oct/2015:02:05:36 -0400] "GET http://zc.qq.com/cgi-bin/common/attr?id=260714&r=0.0735054346175182 HTTP/1.1" 404 233 "-" "Mozilla/5.0 (compatible; MSIE 9.0; Windows NT 6.1; Trident/5.0; 360SE)"
116.203.76.187 - - [24/Oct/2015:02:10:08 -0400] "POST /authenticate HTTP/1.1" 200 123 "-" "Apache-HttpClient/UNAVAILABLE (java 1.4)"
116.203.76.187 - - [24/Oct/2015:02:10:17 -0400] "POST /authenticate HTTP/1.1" 200 123 "-" "Apache-HttpClient/UNAVAILABLE (java 1.4)"
116.203.76.187 - - [24/Oct/2015:02:10:23 -0400] "POST /authenticate HTTP/1.1" 200 123 "-" "Apache-HttpClient/UNAVAILABLE (java 1.4)"
116.203.76.187 - - [24/Oct/2015:02:10:59 -0400] "POST /authenticate HTTP/1.1" 200 123 "-" "Apache-HttpClient/UNAVAILABLE (java 1.4)"
116.203.76.187 - - [24/Oct/2015:02:11:11 -0400] "POST /authenticate HTTP/1.1" 200 123 "-" "Apache-HttpClient/UNAVAILABLE (java 1.4)"
116.203.76.187 - - [24/Oct/2015:02:12:02 -0400] "POST /authenticate HTTP/1.1" 200 123 "-" "Apache-HttpClient/UNAVAILABLE (java 1.4)"
116.203.76.187 - - [24/Oct/2015:02:15:34 -0400] "POST /authenticate HTTP/1.1" 200 123 "-" "Apache-HttpClient/UNAVAILABLE (java 1.4)"
116.203.76.187 - - [24/Oct/2015:02:18:53 -0400] "POST /authenticate HTTP/1.1" 200 123 "-" "Apache-HttpClient/UNAVAILABLE (java 1.4)"
116.203.76.187 - - [24/Oct/2015:02:22:30 -0400] "POST /authenticate HTTP/1.1" 200 123 "-" "Apache-HttpClient/UNAVAILABLE (java 1.4)"
104.148.44.116 - - [24/Oct/2015:02:23:01 -0400] "GET http://search.yahoo.com/ HTTP/1.1" 200 27 "-" "Mozilla/5.0 (compatible; MSIE 8.0; Windows NT 6.1; Trident/5.0)"
104.148.44.116 - - [24/Oct/2015:02:23:02 -0400] "CONNECT www.alipay.com:443 HTTP/1.1" 404 233 "-" "-"
116.203.76.187 - - [24/Oct/2015:02:35:57 -0400] "POST /authenticate HTTP/1.1" 200 123 "-" "Apache-HttpClient/UNAVAILABLE (java 1.4)"
115.231.222.14 - - [24/Oct/2015:02:37:10 -0400] "GET http://zc.qq.com/cgi-bin/common/attr?id=260714&r=0.1761133169356068 HTTP/1.1" 404 233 "-" "Mozilla/5.0 (compatible; MSIE 9.0; Windows NT 6.1; Trident/5.0; 360SE)"
116.203.76.187 - - [24/Oct/2015:02:37:39 -0400] "POST /authenticate HTTP/1.1" 200 123 "-" "Apache-HttpClient/UNAVAILABLE (java 1.4)"
116.203.76.187 - - [24/Oct/2015:02:43:30 -0400] "POST /authenticate HTTP/1.1" 200 123 "-" "Apache-HttpClient/UNAVAILABLE (java 1.4)"
116.203.76.187 - - [24/Oct/2015:02:47:40 -0400] "POST /authenticate HTTP/1.1" 200 123 "-" "Apache-HttpClient/UNAVAILABLE (java 1.4)"
116.203.76.187 - - [24/Oct/2015:02:48:04 -0400] "POST /authenticate HTTP/1.1" 200 123 "-" "Apache-HttpClient/UNAVAILABLE (java 1.4)"
116.203.76.187 - - [24/Oct/2015:02:50:11 -0400] "POST /authenticate HTTP/1.1" 200 123 "-" "Apache-HttpClient/UNAVAILABLE (java 1.4)"
116.203.76.187 - - [24/Oct/2015:02:53:32 -0400] "POST /authenticate HTTP/1.1" 200 123 "-" "Apache-HttpClient/UNAVAILABLE (java 1.4)"
115.231.222.14 - - [24/Oct/2015:03:09:26 -0400] "GET http://zc.qq.com/cgi-bin/common/attr?id=260714&r=0.8841523778707691 HTTP/1.1" 404 233 "-" "Mozilla/5.0 (compatible; MSIE 9.0; Windows NT 6.1; Trident/5.0; 360SE)"
91.196.50.33 - - [24/Oct/2015:03:15:08 -0400] "GET http://testp3.pospr.waw.pl/testproxy.php HTTP/1.1" 404 233 "-" "Mozilla/5.0 (Windows NT 5.1; rv:32.0) Gecko/20100101 Firefox/31.0"
116.203.76.187 - - [24/Oct/2015:03:17:33 -0400] "POST /authenticate HTTP/1.1" 200 123 "-" "Apache-HttpClient/UNAVAILABLE (java 1.4)"
116.203.76.187 - - [24/Oct/2015:03:18:26 -0400] "POST /authenticate HTTP/1.1" 200 123 "-" "Apache-HttpClient/UNAVAILABLE (java 1.4)"
116.203.76.187 - - [24/Oct/2015:03:22:40 -0400] "POST /authenticate HTTP/1.1" 200 123 "-" "Apache-HttpClient/UNAVAILABLE (java 1.4)"
116.203.76.187 - - [24/Oct/2015:03:25:46 -0400] "POST /authenticate HTTP/1.1" 200 123 "-" "Apache-HttpClient/UNAVAILABLE (java 1.4)"
116.203.76.187 - - [24/Oct/2015:03:26:09 -0400] "POST /authenticate HTTP/1.1" 200 123 "-" "Apache-HttpClient/UNAVAILABLE (java 1.4)"
104.148.44.116 - - [24/Oct/2015:03:26:16 -0400] "GET http://www.haosou.com/ HTTP/1.1" 200 27 "-" "Mozilla/5.0 (compatible; MSIE 8.0; Windows NT 6.1; Trident/5.0)"
104.148.44.116 - - [24/Oct/2015:03:26:17 -0400] "CONNECT www.paypal.com:443 HTTP/1.1" 404 233 "-" "-"
116.203.76.187 - - [24/Oct/2015:03:31:18 -0400] "POST /authenticate HTTP/1.1" 200 123 "-" "Apache-HttpClient/UNAVAILABLE (java 1.4)"
104.148.44.116 - - [24/Oct/2015:03:38:10 -0400] "GET http://www.hotbot.com/ HTTP/1.1" 200 27 "-" "Mozilla/5.0 (compatible; MSIE 8.0; Windows NT 6.1; Trident/5.0)"
104.148.44.116 - - [24/Oct/2015:03:38:11 -0400] "CONNECT developer.apple.com:443 HTTP/1.1" 404 233 "-" "-"
116.203.76.187 - - [24/Oct/2015:03:44:16 -0400] "POST /authenticate HTTP/1.1" 200 123 "-" "Apache-HttpClient/UNAVAILABLE (java 1.4)"
104.148.44.116 - - [24/Oct/2015:04:03:43 -0400] "GET http://www.haosou.com/ HTTP/1.1" 200 27 "-" "Mozilla/5.0 (compatible; MSIE 8.0; Windows NT 6.1; Trident/5.0)"
104.148.44.116 - - [24/Oct/2015:04:03:43 -0400] "CONNECT www.microsoftstore.com.cn:443 HTTP/1.1" 404 233 "-" "-"
115.231.222.14 - - [24/Oct/2015:04:13:31 -0400] "GET http://zc.qq.com/cgi-bin/common/attr?id=260714&r=0.1328625220920221 HTTP/1.1" 404 233 "-" "Mozilla/5.0 (compatible; MSIE 9.0; Windows NT 6.1; Trident/5.0; 360SE)"
115.231.222.14 - - [24/Oct/2015:04:45:25 -0400] "GET http://zc.qq.com/cgi-bin/common/attr?id=260714&r=0.3276831497984480 HTTP/1.1" 404 233 "-" "Mozilla/5.0 (compatible; MSIE 9.0; Windows NT 6.1; Trident/5.0; 360SE)"
115.231.222.14 - - [24/Oct/2015:05:16:59 -0400] "GET http://zc.qq.com/cgi-bin/common/attr?id=260714&r=0.9036709309585946 HTTP/1.1" 404 233 "-" "Mozilla/5.0 (compatible; MSIE 9.0; Windows NT 6.1; Trident/5.0; 360SE)"
162.252.240.124 - - [24/Oct/2015:05:28:59 -0400] "GET http://162.252.240.124:80/gw.php HTTP/1.1" 404 233 "-" "Mozilla/5.0 (Windows NT 6.1; WOW64) AppleWebKit/537.36 (KHTML, like Gecko) Chrome/44.0.2403.107 Safari/537.36"
115.231.222.14 - - [24/Oct/2015:05:48:58 -0400] "GET http://zc.qq.com/cgi-bin/common/attr?id=260714&r=0.7781482072174121 HTTP/1.1" 404 233 "-" "Mozilla/5.0 (compatible; MSIE 9.0; Windows NT 6.1; Trident/5.0; 360SE)"
61.160.213.55 - - [24/Oct/2015:05:49:26 -0400] "GET http://zc.qq.com/cgi-bin/chs/numreg/init? HTTP/1.0" 404 233 "-" "-"
115.231.222.14 - - [24/Oct/2015:06:21:23 -0400] "GET http://zc.qq.com/cgi-bin/common/attr?id=260714&r=0.5984569731302124 HTTP/1.1" 404 233 "-" "Mozilla/5.0 (compatible; MSIE 9.0; Windows NT 6.1; Trident/5.0; 360SE)"
116.203.79.26 - - [24/Oct/2015:06:52:18 -0400] "POST /authenticate HTTP/1.1" 200 123 "-" "Apache-HttpClient/UNAVAILABLE (java 1.4)"
115.231.222.14 - - [24/Oct/2015:06:53:12 -0400] "GET http://zc.qq.com/cgi-bin/common/attr?id=260714&r=0.7955088411877522 HTTP/1.1" 404 233 "-" "Mozilla/5.0 (compatible; MSIE 9.0; Windows NT 6.1; Trident/5.0; 360SE)"
116.203.79.26 - - [24/Oct/2015:07:23:27 -0400] "POST /authenticate HTTP/1.1" 200 123 "-" "Apache-HttpClient/UNAVAILABLE (java 1.4)"
115.231.222.14 - - [24/Oct/2015:07:25:36 -0400] "GET http://zc.qq.com/cgi-bin/common/attr?id=260714&r=0.7137443251777597 HTTP/1.1" 404 233 "-" "Mozilla/5.0 (compatible; MSIE 9.0; Windows NT 6.1; Trident/5.0; 360SE)"
115.231.222.14 - - [24/Oct/2015:07:57:39 -0400] "GET http://zc.qq.com/cgi-bin/common/attr?id=260714&r=0.2766895378645645 HTTP/1.1" 404 233 "-" "Mozilla/5.0 (compatible; MSIE 9.0; Windows NT 6.1; Trident/5.0; 360SE)"
104.148.44.116 - - [24/Oct/2015:08:01:31 -0400] "GET http://www.hotbot.com/ HTTP/1.1" 200 27 "-" "Mozilla/5.0 (compatible; MSIE 8.0; Windows NT 6.1; Trident/5.0)"
104.148.44.116 - - [24/Oct/2015:08:01:32 -0400] "CONNECT www.alipay.com:443 HTTP/1.1" 404 233 "-" "-"
116.203.72.78 - - [24/Oct/2015:09:00:02 -0400] "GET / HTTP/1.1" 200 27 "-" "Mozilla/5.0 (Windows NT 6.1) AppleWebKit/537.36 (KHTML, like Gecko) Chrome/46.0.2490.80 Safari/537.36"
116.203.72.78 - - [24/Oct/2015:09:00:02 -0400] "GET /favicon.ico HTTP/1.1" 404 233 "http://188.166.249.229:8080/" "Mozilla/5.0 (Windows NT 6.1) AppleWebKit/537.36 (KHTML, like Gecko) Chrome/46.0.2490.80 Safari/537.36"
115.231.222.14 - - [24/Oct/2015:09:01:04 -0400] "GET http://zc.qq.com/cgi-bin/common/attr?id=260714&r=0.6721160035549542 HTTP/1.1" 404 233 "-" "Mozilla/5.0 (compatible; MSIE 9.0; Windows NT 6.1; Trident/5.0; 360SE)"
115.231.222.14 - - [24/Oct/2015:09:33:00 -0400] "GET http://zc.qq.com/cgi-bin/common/attr?id=260714&r=0.4363306734543886 HTTP/1.1" 404 233 "-" "Mozilla/5.0 (compatible; MSIE 9.0; Windows NT 6.1; Trident/5.0; 360SE)"
115.231.222.14 - - [24/Oct/2015:10:04:59 -0400] "GET http://zc.qq.com/cgi-bin/common/attr?id=260714&r=0.2810387014489731 HTTP/1.1" 404 233 "-" "Mozilla/5.0 (compatible; MSIE 9.0; Windows NT 6.1; Trident/5.0; 360SE)"
115.231.222.14 - - [24/Oct/2015:10:36:55 -0400] "GET http://zc.qq.com/cgi-bin/common/attr?id=260714&r=0.9896612880855045 HTTP/1.1" 404 233 "-" "Mozilla/5.0 (compatible; MSIE 9.0; Windows NT 6.1; Trident/5.0; 360SE)"
115.231.222.14 - - [24/Oct/2015:11:08:50 -0400] "GET http://zc.qq.com/cgi-bin/common/attr?id=260714&r=0.8893084414248601 HTTP/1.1" 404 233 "-" "Mozilla/5.0 (compatible; MSIE 9.0; Windows NT 6.1; Trident/5.0; 360SE)"
115.231.222.14 - - [24/Oct/2015:11:40:55 -0400] "GET http://zc.qq.com/cgi-bin/common/attr?id=260714&r=0.4434177971120725 HTTP/1.1" 404 233 "-" "Mozilla/5.0 (compatible; MSIE 9.0; Windows NT 6.1; Trident/5.0; 360SE)"
104.148.44.116 - - [24/Oct/2015:12:21:49 -0400] "GET http://sg.search.yahoo.com/ HTTP/1.1" 200 27 "-" "Mozilla/5.0 (compatible; MSIE 8.0; Windows NT 6.1; Trident/5.0)"
104.148.44.116 - - [24/Oct/2015:12:21:50 -0400] "CONNECT www.microsoftstore.com.cn:443 HTTP/1.1" 404 233 "-" "-"
104.148.44.116 - - [24/Oct/2015:12:33:29 -0400] "GET http://cn.bing.com/ HTTP/1.1" 200 27 "-" "Mozilla/5.0 (compatible; MSIE 8.0; Windows NT 6.1; Trident/5.0)"
104.148.44.116 - - [24/Oct/2015:12:33:29 -0400] "CONNECT www.microsoftstore.com.cn:443 HTTP/1.1" 404 233 "-" "-"
91.196.50.33 - - [24/Oct/2015:13:00:17 -0400] "GET http://testp4.pospr.waw.pl/testproxy.php HTTP/1.1" 404 233 "-" "Mozilla/5.0 (Windows NT 5.1; rv:32.0) Gecko/20100101 Firefox/31.0"
115.231.222.14 - - [24/Oct/2015:13:16:44 -0400] "GET http://zc.qq.com/cgi-bin/common/attr?id=260714&r=0.3685096516638741 HTTP/1.1" 404 233 "-" "Mozilla/5.0 (compatible; MSIE 9.0; Windows NT 6.1; Trident/5.0; 360SE)"
61.160.213.55 - - [24/Oct/2015:13:46:47 -0400] "GET http://zc.qq.com/cgi-bin/chs/numreg/init? HTTP/1.0" 404 233 "-" "-"
104.148.44.116 - - [24/Oct/2015:13:48:29 -0400] "GET http://cn.bing.com/ HTTP/1.1" 200 27 "-" "Mozilla/5.0 (compatible; MSIE 8.0; Windows NT 6.1; Trident/5.0)"
104.148.44.116 - - [24/Oct/2015:13:48:29 -0400] "CONNECT www.paypal.com:443 HTTP/1.1" 404 233 "-" "-"
115.231.222.14 - - [24/Oct/2015:13:48:52 -0400] "GET http://zc.qq.com/cgi-bin/common/attr?id=260714&r=0.8841210442819178 HTTP/1.1" 404 233 "-" "Mozilla/5.0 (compatible; MSIE 9.0; Windows NT 6.1; Trident/5.0; 360SE)"
115.231.222.14 - - [24/Oct/2015:14:20:47 -0400] "GET http://zc.qq.com/cgi-bin/common/attr?id=260714&r=0.3710924248485543 HTTP/1.1" 404 233 "-" "Mozilla/5.0 (compatible; MSIE 9.0; Windows NT 6.1; Trident/5.0; 360SE)"
61.160.213.55 - - [24/Oct/2015:14:43:24 -0400] "GET http://zc.qq.com/cgi-bin/chs/numreg/init? HTTP/1.0" 404 233 "-" "-"
115.231.222.14 - - [24/Oct/2015:14:52:58 -0400] "GET http://zc.qq.com/cgi-bin/common/attr?id=260714&r=0.1881707536149570 HTTP/1.1" 404 233 "-" "Mozilla/5.0 (compatible; MSIE 9.0; Windows NT 6.1; Trident/5.0; 360SE)"
115.231.222.14 - - [24/Oct/2015:15:24:51 -0400] "GET http://zc.qq.com/cgi-bin/common/attr?id=260714&r=0.8179937701307659 HTTP/1.1" 404 233 "-" "Mozilla/5.0 (compatible; MSIE 9.0; Windows NT 6.1; Trident/5.0; 360SE)"
104.148.44.116 - - [24/Oct/2015:15:36:23 -0400] "GET http://sg.search.yahoo.com/ HTTP/1.1" 200 27 "-" "Mozilla/5.0 (compatible; MSIE 8.0; Windows NT 6.1; Trident/5.0)"
104.148.44.116 - - [24/Oct/2015:15:36:24 -0400] "CONNECT www.paypal.com:443 HTTP/1.1" 404 233 "-" "-"
115.231.222.14 - - [24/Oct/2015:15:56:45 -0400] "GET http://zc.qq.com/cgi-bin/common/attr?id=260714&r=0.3467475289887091 HTTP/1.1" 404 233 "-" "Mozilla/5.0 (compatible; MSIE 9.0; Windows NT 6.1; Trident/5.0; 360SE)"
115.231.222.14 - - [24/Oct/2015:16:28:51 -0400] "GET http://zc.qq.com/cgi-bin/common/attr?id=260714&r=0.1086564354143080 HTTP/1.1" 404 233 "-" "Mozilla/5.0 (compatible; MSIE 9.0; Windows NT 6.1; Trident/5.0; 360SE)"
115.231.222.14 - - [24/Oct/2015:17:00:46 -0400] "GET http://zc.qq.com/cgi-bin/common/attr?id=260714&r=0.1297751084499421 HTTP/1.1" 404 233 "-" "Mozilla/5.0 (compatible; MSIE 9.0; Windows NT 6.1; Trident/5.0; 360SE)"
104.148.44.116 - - [24/Oct/2015:17:21:38 -0400] "GET http://www.hotbot.com/ HTTP/1.1" 200 27 "-" "Mozilla/5.0 (compatible; MSIE 8.0; Windows NT 6.1; Trident/5.0)"
104.148.44.116 - - [24/Oct/2015:17:21:41 -0400] "CONNECT www.paypal.com:443 HTTP/1.1" 404 233 "-" "-"
115.231.222.14 - - [24/Oct/2015:17:32:46 -0400] "GET http://zc.qq.com/cgi-bin/common/attr?id=260714&r=0.2845566743502528 HTTP/1.1" 404 233 "-" "Mozilla/5.0 (compatible; MSIE 9.0; Windows NT 6.1; Trident/5.0; 360SE)"
115.231.222.14 - - [24/Oct/2015:18:04:38 -0400] "GET http://zc.qq.com/cgi-bin/common/attr?id=260714&r=0.8982485918307264 HTTP/1.1" 404 233 "-" "Mozilla/5.0 (compatible; MSIE 9.0; Windows NT 6.1; Trident/5.0; 360SE)"
115.231.222.14 - - [24/Oct/2015:18:36:30 -0400] "GET http://zc.qq.com/cgi-bin/common/attr?id=260714&r=0.4932938742798860 HTTP/1.1" 404 233 "-" "Mozilla/5.0 (compatible; MSIE 9.0; Windows NT 6.1; Trident/5.0; 360SE)"
115.231.222.14 - - [24/Oct/2015:19:40:33 -0400] "GET http://zc.qq.com/cgi-bin/common/attr?id=260714&r=0.0259045904646761 HTTP/1.1" 404 233 "-" "Mozilla/5.0 (compatible; MSIE 9.0; Windows NT 6.1; Trident/5.0; 360SE)"
61.160.213.55 - - [24/Oct/2015:19:50:18 -0400] "GET http://zc.qq.com/cgi-bin/chs/numreg/init? HTTP/1.0" 404 233 "-" "-"
115.231.222.14 - - [24/Oct/2015:20:12:40 -0400] "GET http://zc.qq.com/cgi-bin/common/attr?id=260714&r=0.3847572490993198 HTTP/1.1" 404 233 "-" "Mozilla/5.0 (compatible; MSIE 9.0; Windows NT 6.1; Trident/5.0; 360SE)"
115.231.222.14 - - [24/Oct/2015:20:44:36 -0400] "GET http://zc.qq.com/cgi-bin/common/attr?id=260714&r=0.1184854665640218 HTTP/1.1" 404 233 "-" "Mozilla/5.0 (compatible; MSIE 9.0; Windows NT 6.1; Trident/5.0; 360SE)"
61.160.213.55 - - [24/Oct/2015:20:47:07 -0400] "GET http://zc.qq.com/cgi-bin/chs/numreg/init? HTTP/1.0" 404 233 "-" "-"
115.231.222.14 - - [24/Oct/2015:21:16:31 -0400] "GET http://zc.qq.com/cgi-bin/common/attr?id=260714&r=0.6378229845254432 HTTP/1.1" 404 233 "-" "Mozilla/5.0 (compatible; MSIE 9.0; Windows NT 6.1; Trident/5.0; 360SE)"
61.160.213.55 - - [24/Oct/2015:21:43:59 -0400] "GET http://zc.qq.com/cgi-bin/chs/numreg/init? HTTP/1.0" 404 233 "-" "-"
115.231.222.14 - - [24/Oct/2015:21:48:27 -0400] "GET http://zc.qq.com/cgi-bin/common/attr?id=260714&r=0.8505346352190733 HTTP/1.1" 404 233 "-" "Mozilla/5.0 (compatible; MSIE 9.0; Windows NT 6.1; Trident/5.0; 360SE)"
104.148.44.116 - - [24/Oct/2015:21:54:50 -0400] "GET http://www.haosou.com/ HTTP/1.1" 200 27 "-" "Mozilla/5.0 (compatible; MSIE 8.0; Windows NT 6.1; Trident/5.0)"
104.148.44.116 - - [24/Oct/2015:21:54:51 -0400] "CONNECT www.alipay.com:443 HTTP/1.1" 404 233 "-" "-"
104.148.44.116 - - [24/Oct/2015:22:19:30 -0400] "GET http://cn.bing.com/ HTTP/1.1" 200 27 "-" "Mozilla/5.0 (compatible; MSIE 8.0; Windows NT 6.1; Trident/5.0)"
104.148.44.116 - - [24/Oct/2015:22:19:35 -0400] "CONNECT developer.apple.com:443 HTTP/1.1" 404 233 "-" "-"
115.231.222.14 - - [24/Oct/2015:22:20:28 -0400] "GET http://zc.qq.com/cgi-bin/common/attr?id=260714&r=0.8789257025767141 HTTP/1.1" 404 233 "-" "Mozilla/5.0 (compatible; MSIE 9.0; Windows NT 6.1; Trident/5.0; 360SE)"
115.231.222.14 - - [24/Oct/2015:22:52:23 -0400] "GET http://zc.qq.com/cgi-bin/common/attr?id=260714&r=0.5236348738286393 HTTP/1.1" 404 233 "-" "Mozilla/5.0 (compatible; MSIE 9.0; Windows NT 6.1; Trident/5.0; 360SE)"
115.231.222.14 - - [24/Oct/2015:23:24:20 -0400] "GET http://zc.qq.com/cgi-bin/common/attr?id=260714&r=0.2005201777999452 HTTP/1.1" 404 233 "-" "Mozilla/5.0 (compatible; MSIE 9.0; Windows NT 6.1; Trident/5.0; 360SE)"
115.231.222.14 - - [24/Oct/2015:23:56:16 -0400] "GET http://zc.qq.com/cgi-bin/common/attr?id=260714&r=0.8856108895681232 HTTP/1.1" 404 233 "-" "Mozilla/5.0 (compatible; MSIE 9.0; Windows NT 6.1; Trident/5.0; 360SE)"
91.196.50.33 - - [24/Oct/2015:23:57:47 -0400] "GET http://testp5.mielno.lubin.pl/testproxy.php HTTP/1.1" 404 233 "-" "Mozilla/5.0 (Windows NT 5.1; rv:32.0) Gecko/20100101 Firefox/31.0"
115.231.222.14 - - [25/Oct/2015:00:28:13 -0400] "GET http://zc.qq.com/cgi-bin/common/attr?id=260714&r=0.1785580359637980 HTTP/1.1" 404 233 "-" "Mozilla/5.0 (compatible; MSIE 9.0; Windows NT 6.1; Trident/5.0; 360SE)"
116.203.77.225 - - [25/Oct/2015:00:43:22 -0400] "GET / HTTP/1.1" 200 27 "-" "Mozilla/5.0 (Windows NT 6.1) AppleWebKit/537.36 (KHTML, like Gecko) Chrome/46.0.2490.80 Safari/537.36"
116.203.77.225 - - [25/Oct/2015:00:43:23 -0400] "GET /favicon.ico HTTP/1.1" 404 233 "http://188.166.249.229:8080/" "Mozilla/5.0 (Windows NT 6.1) AppleWebKit/537.36 (KHTML, like Gecko) Chrome/46.0.2490.80 Safari/537.36"
61.160.213.56 - - [25/Oct/2015:00:57:04 -0400] "GET http://zc.qq.com/cgi-bin/chs/numreg/init? HTTP/1.0" 404 233 "-" "-"
115.231.222.14 - - [25/Oct/2015:01:00:25 -0400] "GET http://zc.qq.com/cgi-bin/common/attr?id=260714&r=0.8836358077015096 HTTP/1.1" 404 233 "-" "Mozilla/5.0 (compatible; MSIE 9.0; Windows NT 6.1; Trident/5.0; 360SE)"
116.203.77.225 - - [25/Oct/2015:01:14:44 -0400] "POST /authenticate HTTP/1.1" 200 123 "-" "Apache-HttpClient/UNAVAILABLE (java 1.4)"
116.203.77.225 - - [25/Oct/2015:01:17:39 -0400] "POST /authenticate HTTP/1.1" 200 123 "-" "Apache-HttpClient/UNAVAILABLE (java 1.4)"
116.203.77.225 - - [25/Oct/2015:01:20:11 -0400] "POST /authenticate HTTP/1.1" 200 123 "-" "Apache-HttpClient/UNAVAILABLE (java 1.4)"
116.203.77.225 - - [25/Oct/2015:01:26:16 -0400] "POST /authenticate HTTP/1.1" 200 123 "-" "Apache-HttpClient/UNAVAILABLE (java 1.4)"
115.231.222.14 - - [25/Oct/2015:01:32:19 -0400] "GET http://zc.qq.com/cgi-bin/common/attr?id=260714&r=0.3256633921697921 HTTP/1.1" 404 233 "-" "Mozilla/5.0 (compatible; MSIE 9.0; Windows NT 6.1; Trident/5.0; 360SE)"
104.148.44.116 - - [25/Oct/2015:01:40:28 -0400] "GET http://sg.search.yahoo.com/ HTTP/1.1" 200 27 "-" "Mozilla/5.0 (compatible; MSIE 8.0; Windows NT 6.1; Trident/5.0)"
104.148.44.116 - - [25/Oct/2015:01:40:29 -0400] "CONNECT developer.apple.com:443 HTTP/1.1" 404 233 "-" "-"
116.203.77.225 - - [25/Oct/2015:01:53:56 -0400] "POST /authenticate HTTP/1.1" 200 123 "-" "Apache-HttpClient/UNAVAILABLE (java 1.4)"
116.203.77.225 - - [25/Oct/2015:01:54:00 -0400] "POST /products/list HTTP/1.1" 200 5252 "-" "Apache-HttpClient/UNAVAILABLE (java 1.4)"
116.203.77.225 - - [25/Oct/2015:01:54:22 -0400] "POST /products/list HTTP/1.1" 200 5252 "-" "Apache-HttpClient/UNAVAILABLE (java 1.4)"
116.203.77.225 - - [25/Oct/2015:01:54:37 -0400] "POST /products/list HTTP/1.1" 200 5252 "-" "Apache-HttpClient/UNAVAILABLE (java 1.4)"
116.203.77.225 - - [25/Oct/2015:01:54:54 -0400] "POST /products/list HTTP/1.1" 200 5252 "-" "Apache-HttpClient/UNAVAILABLE (java 1.4)"
115.231.222.14 - - [25/Oct/2015:02:04:20 -0400] "GET http://zc.qq.com/cgi-bin/common/attr?id=260714&r=0.1890600691255642 HTTP/1.1" 404 233 "-" "Mozilla/5.0 (compatible; MSIE 9.0; Windows NT 6.1; Trident/5.0; 360SE)"
116.203.77.225 - - [25/Oct/2015:02:06:46 -0400] "POST /authenticate HTTP/1.1" 200 123 "-" "Apache-HttpClient/UNAVAILABLE (java 1.4)"
116.203.77.225 - - [25/Oct/2015:02:06:56 -0400] "POST /products/list HTTP/1.1" 200 5252 "-" "Apache-HttpClient/UNAVAILABLE (java 1.4)"
116.203.77.225 - - [25/Oct/2015:02:07:11 -0400] "POST /products/list HTTP/1.1" 200 5252 "-" "Apache-HttpClient/UNAVAILABLE (java 1.4)"
95.213.187.189 - - [25/Oct/2015:02:07:46 -0400] "POST http://check.best-proxies.ru/azenv.php?auth=144575326661539&a=PC&i=3165059557&p=8080 HTTP/1.1" 404 233 "http://best-proxies.ru/" "Mozilla/4.0 (compatible; MSIE 8.0; Windows NT 5.1; Trident/4.0)"
95.213.187.188 - - [25/Oct/2015:02:07:51 -0400] "CONNECT check.best-proxies.ru:80 HTTP/1.1" 404 233 "-" "-"
116.203.77.225 - - [25/Oct/2015:02:17:17 -0400] "POST /authenticate HTTP/1.1" 403 36 "-" "Apache-HttpClient/UNAVAILABLE (java 1.4)"
116.203.77.225 - - [25/Oct/2015:02:17:34 -0400] "POST /authenticate HTTP/1.1" 200 123 "-" "Apache-HttpClient/UNAVAILABLE (java 1.4)"
116.203.77.225 - - [25/Oct/2015:02:17:45 -0400] "POST /products/list HTTP/1.1" 200 5252 "-" "Apache-HttpClient/UNAVAILABLE (java 1.4)"
116.203.77.225 - - [25/Oct/2015:02:23:02 -0400] "POST /authenticate HTTP/1.1" 200 123 "-" "Apache-HttpClient/UNAVAILABLE (java 1.4)"
116.203.77.225 - - [25/Oct/2015:02:23:04 -0400] "POST /products/list HTTP/1.1" 200 5252 "-" "Apache-HttpClient/UNAVAILABLE (java 1.4)"
116.203.77.225 - - [25/Oct/2015:02:25:37 -0400] "POST /authenticate HTTP/1.1" 200 123 "-" "Apache-HttpClient/UNAVAILABLE (java 1.4)"
116.203.77.225 - - [25/Oct/2015:02:25:39 -0400] "POST /products/list HTTP/1.1" 200 5252 "-" "Apache-HttpClient/UNAVAILABLE (java 1.4)"
116.203.77.225 - - [25/Oct/2015:02:33:46 -0400] "POST /authenticate HTTP/1.1" 200 123 "-" "Apache-HttpClient/UNAVAILABLE (java 1.4)"
116.203.77.225 - - [25/Oct/2015:02:33:57 -0400] "POST /products/list HTTP/1.1" 200 5252 "-" "Apache-HttpClient/UNAVAILABLE (java 1.4)"
115.231.222.14 - - [25/Oct/2015:02:36:17 -0400] "GET http://zc.qq.com/cgi-bin/common/attr?id=260714&r=0.0298780693398776 HTTP/1.1" 404 233 "-" "Mozilla/5.0 (compatible; MSIE 9.0; Windows NT 6.1; Trident/5.0; 360SE)"
116.203.77.225 - - [25/Oct/2015:02:55:23 -0400] "POST /authenticate HTTP/1.1" 200 123 "-" "Apache-HttpClient/UNAVAILABLE (java 1.4)"
116.203.77.225 - - [25/Oct/2015:02:55:38 -0400] "POST /authenticate HTTP/1.1" 200 123 "-" "Apache-HttpClient/UNAVAILABLE (java 1.4)"
115.231.222.14 - - [25/Oct/2015:03:08:15 -0400] "GET http://zc.qq.com/cgi-bin/common/attr?id=260714&r=0.4325826468287559 HTTP/1.1" 404 233 "-" "Mozilla/5.0 (compatible; MSIE 9.0; Windows NT 6.1; Trident/5.0; 360SE)"
116.203.77.225 - - [25/Oct/2015:03:09:21 -0400] "POST /authenticate HTTP/1.1" 200 123 "-" "Apache-HttpClient/UNAVAILABLE (java 1.4)"
116.203.77.225 - - [25/Oct/2015:03:09:30 -0400] "POST /authenticate HTTP/1.1" 200 123 "-" "Apache-HttpClient/UNAVAILABLE (java 1.4)"
116.203.77.225 - - [25/Oct/2015:03:11:18 -0400] "POST /authenticate HTTP/1.1" 200 123 "-" "Apache-HttpClient/UNAVAILABLE (java 1.4)"
116.203.77.225 - - [25/Oct/2015:03:11:23 -0400] "POST /products/list HTTP/1.1" 200 5252 "-" "Apache-HttpClient/UNAVAILABLE (java 1.4)"
116.203.77.225 - - [25/Oct/2015:03:12:35 -0400] "POST /authenticate HTTP/1.1" 200 123 "-" "Apache-HttpClient/UNAVAILABLE (java 1.4)"
116.203.77.225 - - [25/Oct/2015:03:12:38 -0400] "POST /products/list HTTP/1.1" 200 5252 "-" "Apache-HttpClient/UNAVAILABLE (java 1.4)"
116.203.77.225 - - [25/Oct/2015:03:12:43 -0400] "POST /authenticate HTTP/1.1" 200 123 "-" "Apache-HttpClient/UNAVAILABLE (java 1.4)"
116.203.77.225 - - [25/Oct/2015:03:12:45 -0400] "POST /products/list HTTP/1.1" 200 5252 "-" "Apache-HttpClient/UNAVAILABLE (java 1.4)"
116.203.77.225 - - [25/Oct/2015:03:19:20 -0400] "POST /authenticate HTTP/1.1" 200 123 "-" "Apache-HttpClient/UNAVAILABLE (java 1.4)"
116.203.77.225 - - [25/Oct/2015:03:19:33 -0400] "POST /authenticate HTTP/1.1" 200 123 "-" "Apache-HttpClient/UNAVAILABLE (java 1.4)"
116.203.77.225 - - [25/Oct/2015:03:25:51 -0400] "POST /authenticate HTTP/1.1" 200 123 "-" "Apache-HttpClient/UNAVAILABLE (java 1.4)"
116.203.77.225 - - [25/Oct/2015:03:26:01 -0400] "POST /products/list HTTP/1.1" 200 5252 "-" "Apache-HttpClient/UNAVAILABLE (java 1.4)"
116.203.77.225 - - [25/Oct/2015:03:26:06 -0400] "POST /authenticate HTTP/1.1" 200 123 "-" "Apache-HttpClient/UNAVAILABLE (java 1.4)"
116.203.77.225 - - [25/Oct/2015:03:27:18 -0400] "POST /authenticate HTTP/1.1" 200 123 "-" "Apache-HttpClient/UNAVAILABLE (java 1.4)"
116.203.77.225 - - [25/Oct/2015:03:27:30 -0400] "POST /products/list HTTP/1.1" 200 5252 "-" "Apache-HttpClient/UNAVAILABLE (java 1.4)"
116.203.77.225 - - [25/Oct/2015:03:33:54 -0400] "POST /authenticate HTTP/1.1" 200 123 "-" "Apache-HttpClient/UNAVAILABLE (java 1.4)"
116.203.77.225 - - [25/Oct/2015:03:34:04 -0400] "POST /authenticate HTTP/1.1" 200 123 "-" "Apache-HttpClient/UNAVAILABLE (java 1.4)"
116.203.77.225 - - [25/Oct/2015:03:37:48 -0400] "POST /authenticate HTTP/1.1" 200 123 "-" "Apache-HttpClient/UNAVAILABLE (java 1.4)"
116.203.77.225 - - [25/Oct/2015:03:37:51 -0400] "POST /products/list HTTP/1.1" 200 5252 "-" "Apache-HttpClient/UNAVAILABLE (java 1.4)"
115.231.222.14 - - [25/Oct/2015:03:40:14 -0400] "GET http://zc.qq.com/cgi-bin/common/attr?id=260714&r=0.0624077433695176 HTTP/1.1" 404 233 "-" "Mozilla/5.0 (compatible; MSIE 9.0; Windows NT 6.1; Trident/5.0; 360SE)"
116.203.77.225 - - [25/Oct/2015:03:45:08 -0400] "POST /authenticate HTTP/1.1" 200 123 "-" "Apache-HttpClient/UNAVAILABLE (java 1.4)"
116.203.77.225 - - [25/Oct/2015:03:45:10 -0400] "POST /products/list HTTP/1.1" 200 5252 "-" "Apache-HttpClient/UNAVAILABLE (java 1.4)"
116.203.77.225 - - [25/Oct/2015:03:46:58 -0400] "POST /authenticate HTTP/1.1" 200 123 "-" "Apache-HttpClient/UNAVAILABLE (java 1.4)"
116.203.77.225 - - [25/Oct/2015:03:47:00 -0400] "POST /products/list HTTP/1.1" 200 5252 "-" "Apache-HttpClient/UNAVAILABLE (java 1.4)"
116.203.77.225 - - [25/Oct/2015:03:51:52 -0400] "POST /authenticate HTTP/1.1" 200 123 "-" "Apache-HttpClient/UNAVAILABLE (java 1.4)"
116.203.77.225 - - [25/Oct/2015:03:51:54 -0400] "POST /authenticate HTTP/1.1" 200 123 "-" "Apache-HttpClient/UNAVAILABLE (java 1.4)"
116.203.77.225 - - [25/Oct/2015:03:51:56 -0400] "POST /products/list HTTP/1.1" 200 5252 "-" "Apache-HttpClient/UNAVAILABLE (java 1.4)"
116.203.77.225 - - [25/Oct/2015:03:51:58 -0400] "POST /products/list HTTP/1.1" 200 5252 "-" "Apache-HttpClient/UNAVAILABLE (java 1.4)"
116.203.77.225 - - [25/Oct/2015:03:52:03 -0400] "POST /products/list HTTP/1.1" 200 5252 "-" "Apache-HttpClient/UNAVAILABLE (java 1.4)"
116.203.77.225 - - [25/Oct/2015:03:54:00 -0400] "POST /authenticate HTTP/1.1" 200 123 "-" "Apache-HttpClient/UNAVAILABLE (java 1.4)"
116.203.77.225 - - [25/Oct/2015:03:54:04 -0400] "POST /products/list HTTP/1.1" 200 5252 "-" "Apache-HttpClient/UNAVAILABLE (java 1.4)"
116.203.77.225 - - [25/Oct/2015:03:54:09 -0400] "POST /products/list HTTP/1.1" 200 5252 "-" "Apache-HttpClient/UNAVAILABLE (java 1.4)"
116.203.77.225 - - [25/Oct/2015:03:54:19 -0400] "POST /products/list HTTP/1.1" 200 5252 "-" "Apache-HttpClient/UNAVAILABLE (java 1.4)"
116.203.77.225 - - [25/Oct/2015:03:54:27 -0400] "POST /authenticate HTTP/1.1" 200 123 "-" "Apache-HttpClient/UNAVAILABLE (java 1.4)"
116.203.77.225 - - [25/Oct/2015:03:54:32 -0400] "POST /products/list HTTP/1.1" 200 5252 "-" "Apache-HttpClient/UNAVAILABLE (java 1.4)"
116.203.77.225 - - [25/Oct/2015:03:56:11 -0400] "POST /authenticate HTTP/1.1" 200 123 "-" "Apache-HttpClient/UNAVAILABLE (java 1.4)"
116.203.77.225 - - [25/Oct/2015:03:56:15 -0400] "POST /products/list HTTP/1.1" 200 5252 "-" "Apache-HttpClient/UNAVAILABLE (java 1.4)"
116.203.77.225 - - [25/Oct/2015:04:00:32 -0400] "POST /authenticate HTTP/1.1" 200 123 "-" "Apache-HttpClient/UNAVAILABLE (java 1.4)"
116.203.77.225 - - [25/Oct/2015:04:00:40 -0400] "POST /products/list HTTP/1.1" 200 5252 "-" "Apache-HttpClient/UNAVAILABLE (java 1.4)"
116.203.77.225 - - [25/Oct/2015:04:07:54 -0400] "POST /authenticate HTTP/1.1" 200 123 "-" "Apache-HttpClient/UNAVAILABLE (java 1.4)"
116.203.77.225 - - [25/Oct/2015:04:07:56 -0400] "POST /products/list HTTP/1.1" 200 5252 "-" "Apache-HttpClient/UNAVAILABLE (java 1.4)"
115.231.222.14 - - [25/Oct/2015:04:12:11 -0400] "GET http://zc.qq.com/cgi-bin/common/attr?id=260714&r=0.2451626335341150 HTTP/1.1" 404 233 "-" "Mozilla/5.0 (compatible; MSIE 9.0; Windows NT 6.1; Trident/5.0; 360SE)"
116.203.77.225 - - [25/Oct/2015:04:12:25 -0400] "POST /authenticate HTTP/1.1" 200 123 "-" "Apache-HttpClient/UNAVAILABLE (java 1.4)"
116.203.77.225 - - [25/Oct/2015:04:12:35 -0400] "POST /products/list HTTP/1.1" 200 5252 "-" "Apache-HttpClient/UNAVAILABLE (java 1.4)"
116.203.77.225 - - [25/Oct/2015:04:15:31 -0400] "POST /authenticate HTTP/1.1" 200 123 "-" "Apache-HttpClient/UNAVAILABLE (java 1.4)"
116.203.77.225 - - [25/Oct/2015:04:15:42 -0400] "POST /products/list HTTP/1.1" 200 5252 "-" "Apache-HttpClient/UNAVAILABLE (java 1.4)"
116.203.77.225 - - [25/Oct/2015:04:19:37 -0400] "POST /authenticate HTTP/1.1" 200 123 "-" "Apache-HttpClient/UNAVAILABLE (java 1.4)"
116.203.77.225 - - [25/Oct/2015:04:19:49 -0400] "POST /products/list HTTP/1.1" 200 5252 "-" "Apache-HttpClient/UNAVAILABLE (java 1.4)"
116.203.77.225 - - [25/Oct/2015:04:24:41 -0400] "POST /authenticate HTTP/1.1" 200 123 "-" "Apache-HttpClient/UNAVAILABLE (java 1.4)"
116.203.77.225 - - [25/Oct/2015:04:24:44 -0400] "POST /products/list HTTP/1.1" 200 5252 "-" "Apache-HttpClient/UNAVAILABLE (java 1.4)"
115.231.222.14 - - [25/Oct/2015:04:44:09 -0400] "GET http://zc.qq.com/cgi-bin/common/attr?id=260714&r=0.3430709739444579 HTTP/1.1" 404 233 "-" "Mozilla/5.0 (compatible; MSIE 9.0; Windows NT 6.1; Trident/5.0; 360SE)"
111.248.57.94 - - [25/Oct/2015:05:08:41 -0400] "CONNECT 163mx02.mxmail.netease.com:25 HTTP/1.0" 404 233 "-" "-"
115.231.222.14 - - [25/Oct/2015:05:16:21 -0400] "GET http://zc.qq.com/cgi-bin/common/attr?id=260714&r=0.7604609893027893 HTTP/1.1" 404 233 "-" "Mozilla/5.0 (compatible; MSIE 9.0; Windows NT 6.1; Trident/5.0; 360SE)"
104.148.44.116 - - [25/Oct/2015:05:32:42 -0400] "GET http://www.sogou.com/index.html HTTP/1.1" 404 233 "-" "Mozilla/5.0 (compatible; MSIE 8.0; Windows NT 6.1; Trident/5.0)"
115.231.222.14 - - [25/Oct/2015:05:48:20 -0400] "GET http://zc.qq.com/cgi-bin/common/attr?id=260714&r=0.5087008079498786 HTTP/1.1" 404 233 "-" "Mozilla/5.0 (compatible; MSIE 9.0; Windows NT 6.1; Trident/5.0; 360SE)"
115.231.222.14 - - [25/Oct/2015:05:48:20 -0400] "GET http://zc.qq.com/cgi-bin/common/attr?id=260714&r=0.4061190322927560 HTTP/1.1" 404 233 "-" "Mozilla/5.0 (compatible; MSIE 9.0; Windows NT 6.1; Trident/5.0; 360SE)"
115.231.222.14 - - [25/Oct/2015:06:20:18 -0400] "GET http://zc.qq.com/cgi-bin/common/attr?id=260714&r=0.0594315027907139 HTTP/1.1" 404 233 "-" "Mozilla/5.0 (compatible; MSIE 9.0; Windows NT 6.1; Trident/5.0; 360SE)"
61.160.213.56 - - [25/Oct/2015:06:49:38 -0400] "GET http://zc.qq.com/cgi-bin/chs/numreg/init? HTTP/1.0" 404 233 "-" "-"
116.203.77.158 - - [25/Oct/2015:06:51:46 -0400] "POST /authenticate HTTP/1.1" 200 123 "-" "Apache-HttpClient/UNAVAILABLE (java 1.4)"
116.203.77.158 - - [25/Oct/2015:06:51:48 -0400] "POST /authenticate HTTP/1.1" 200 123 "-" "Apache-HttpClient/UNAVAILABLE (java 1.4)"
116.203.77.158 - - [25/Oct/2015:06:51:50 -0400] "POST /authenticate HTTP/1.1" 200 123 "-" "Apache-HttpClient/UNAVAILABLE (java 1.4)"
116.203.77.158 - - [25/Oct/2015:06:52:00 -0400] "POST /products/list HTTP/1.1" 200 5252 "-" "Apache-HttpClient/UNAVAILABLE (java 1.4)"
115.231.222.14 - - [25/Oct/2015:06:52:22 -0400] "GET http://zc.qq.com/cgi-bin/common/attr?id=260714&r=0.2621610347749434 HTTP/1.1" 404 233 "-" "Mozilla/5.0 (compatible; MSIE 9.0; Windows NT 6.1; Trident/5.0; 360SE)"
116.203.77.158 - - [25/Oct/2015:06:56:44 -0400] "POST /authenticate HTTP/1.1" 200 123 "-" "Apache-HttpClient/UNAVAILABLE (java 1.4)"
116.203.77.158 - - [25/Oct/2015:06:56:52 -0400] "POST /products/list HTTP/1.1" 200 5252 "-" "Apache-HttpClient/UNAVAILABLE (java 1.4)"
116.203.77.158 - - [25/Oct/2015:07:07:08 -0400] "POST /authenticate HTTP/1.1" 200 123 "-" "Apache-HttpClient/UNAVAILABLE (java 1.4)"
116.203.77.158 - - [25/Oct/2015:07:07:14 -0400] "POST /products/list HTTP/1.1" 200 5252 "-" "Apache-HttpClient/UNAVAILABLE (java 1.4)"
116.203.77.158 - - [25/Oct/2015:07:07:18 -0400] "POST /products/list HTTP/1.1" 200 5252 "-" "Apache-HttpClient/UNAVAILABLE (java 1.4)"
116.203.77.158 - - [25/Oct/2015:07:09:19 -0400] "POST /authenticate HTTP/1.1" 200 123 "-" "Apache-HttpClient/UNAVAILABLE (java 1.4)"
116.203.77.158 - - [25/Oct/2015:07:09:27 -0400] "POST /products/list HTTP/1.1" 200 5252 "-" "Apache-HttpClient/UNAVAILABLE (java 1.4)"
116.203.77.158 - - [25/Oct/2015:07:14:09 -0400] "GET / HTTP/1.1" 200 27 "-" "Mozilla/5.0 (Windows NT 6.1) AppleWebKit/537.36 (KHTML, like Gecko) Chrome/46.0.2490.80 Safari/537.36"
116.203.77.158 - - [25/Oct/2015:07:14:12 -0400] "POST /authenticate HTTP/1.1" 200 123 "-" "Apache-HttpClient/UNAVAILABLE (java 1.4)"
116.203.77.158 - - [25/Oct/2015:07:14:15 -0400] "POST /authenticate HTTP/1.1" 200 123 "-" "Apache-HttpClient/UNAVAILABLE (java 1.4)"
116.203.77.158 - - [25/Oct/2015:07:14:17 -0400] "POST /authenticate HTTP/1.1" 200 123 "-" "Apache-HttpClient/UNAVAILABLE (java 1.4)"
116.203.77.158 - - [25/Oct/2015:07:14:19 -0400] "POST /authenticate HTTP/1.1" 200 123 "-" "Apache-HttpClient/UNAVAILABLE (java 1.4)"
116.203.77.158 - - [25/Oct/2015:07:14:21 -0400] "POST /products/list HTTP/1.1" 200 5252 "-" "Apache-HttpClient/UNAVAILABLE (java 1.4)"
116.203.77.158 - - [25/Oct/2015:07:14:22 -0400] "POST /products/list HTTP/1.1" 200 5252 "-" "Apache-HttpClient/UNAVAILABLE (java 1.4)"
116.203.77.158 - - [25/Oct/2015:07:14:24 -0400] "POST /products/list HTTP/1.1" 200 5252 "-" "Apache-HttpClient/UNAVAILABLE (java 1.4)"
116.203.77.158 - - [25/Oct/2015:07:14:25 -0400] "POST /products/list HTTP/1.1" 200 5252 "-" "Apache-HttpClient/UNAVAILABLE (java 1.4)"
116.203.77.158 - - [25/Oct/2015:07:16:26 -0400] "POST /authenticate HTTP/1.1" 200 123 "-" "Apache-HttpClient/UNAVAILABLE (java 1.4)"
116.203.77.158 - - [25/Oct/2015:07:16:42 -0400] "POST /products/list HTTP/1.1" 200 5252 "-" "Apache-HttpClient/UNAVAILABLE (java 1.4)"
104.148.44.116 - - [25/Oct/2015:07:22:41 -0400] "GET http://cn.bing.com/ HTTP/1.1" 200 27 "-" "Mozilla/5.0 (compatible; MSIE 8.0; Windows NT 6.1; Trident/5.0)"
104.148.44.116 - - [25/Oct/2015:07:22:42 -0400] "CONNECT www.alipay.com:443 HTTP/1.1" 404 233 "-" "-"
115.231.222.14 - - [25/Oct/2015:07:24:20 -0400] "GET http://zc.qq.com/cgi-bin/common/attr?id=260714&r=0.4949114974425021 HTTP/1.1" 404 233 "-" "Mozilla/5.0 (compatible; MSIE 9.0; Windows NT 6.1; Trident/5.0; 360SE)"
116.203.77.158 - - [25/Oct/2015:07:43:12 -0400] "POST /authenticate HTTP/1.1" 200 123 "-" "Apache-HttpClient/UNAVAILABLE (java 1.4)"
116.203.77.158 - - [25/Oct/2015:07:43:23 -0400] "POST /products/list HTTP/1.1" 200 5252 "-" "Apache-HttpClient/UNAVAILABLE (java 1.4)"
116.203.77.158 - - [25/Oct/2015:07:44:59 -0400] "POST /authenticate HTTP/1.1" 200 123 "-" "Apache-HttpClient/UNAVAILABLE (java 1.4)"
116.203.77.158 - - [25/Oct/2015:07:45:06 -0400] "POST /products/list HTTP/1.1" 200 5252 "-" "Apache-HttpClient/UNAVAILABLE (java 1.4)"
116.203.77.158 - - [25/Oct/2015:07:45:15 -0400] "POST /products/list HTTP/1.1" 200 5252 "-" "Apache-HttpClient/UNAVAILABLE (java 1.4)"
116.203.77.158 - - [25/Oct/2015:07:45:19 -0400] "POST /products/list HTTP/1.1" 200 5252 "-" "Apache-HttpClient/UNAVAILABLE (java 1.4)"
116.203.77.158 - - [25/Oct/2015:07:45:23 -0400] "POST /products/list HTTP/1.1" 200 5252 "-" "Apache-HttpClient/UNAVAILABLE (java 1.4)"
61.160.213.55 - - [25/Oct/2015:07:46:11 -0400] "GET http://zc.qq.com/cgi-bin/chs/numreg/init? HTTP/1.0" 404 233 "-" "-"
116.203.77.158 - - [25/Oct/2015:07:47:00 -0400] "POST /authenticate HTTP/1.1" 200 123 "-" "Apache-HttpClient/UNAVAILABLE (java 1.4)"
116.203.77.158 - - [25/Oct/2015:07:47:07 -0400] "POST /products/list HTTP/1.1" 200 5252 "-" "Apache-HttpClient/UNAVAILABLE (java 1.4)"
116.203.77.158 - - [25/Oct/2015:07:47:33 -0400] "POST /products/list HTTP/1.1" 200 5252 "-" "Apache-HttpClient/UNAVAILABLE (java 1.4)"
116.203.77.158 - - [25/Oct/2015:07:48:04 -0400] "POST /authenticate HTTP/1.1" 200 123 "-" "Apache-HttpClient/UNAVAILABLE (java 1.4)"
116.203.77.158 - - [25/Oct/2015:07:48:06 -0400] "POST /products/list HTTP/1.1" 200 5252 "-" "Apache-HttpClient/UNAVAILABLE (java 1.4)"
116.203.77.158 - - [25/Oct/2015:07:52:03 -0400] "POST /authenticate HTTP/1.1" 200 123 "-" "Apache-HttpClient/UNAVAILABLE (java 1.4)"
116.203.77.158 - - [25/Oct/2015:07:52:12 -0400] "POST /products/list HTTP/1.1" 200 5252 "-" "Apache-HttpClient/UNAVAILABLE (java 1.4)"
116.203.77.158 - - [25/Oct/2015:07:52:37 -0400] "POST /products/list HTTP/1.1" 200 5252 "-" "Apache-HttpClient/UNAVAILABLE (java 1.4)"
115.231.222.14 - - [25/Oct/2015:07:56:17 -0400] "GET http://zc.qq.com/cgi-bin/common/attr?id=260714&r=0.1056178007808929 HTTP/1.1" 404 233 "-" "Mozilla/5.0 (compatible; MSIE 9.0; Windows NT 6.1; Trident/5.0; 360SE)"
116.203.77.158 - - [25/Oct/2015:08:08:56 -0400] "POST /authenticate HTTP/1.1" 200 123 "-" "Apache-HttpClient/UNAVAILABLE (java 1.4)"
116.203.77.158 - - [25/Oct/2015:08:09:07 -0400] "POST /products/list HTTP/1.1" 200 5252 "-" "Apache-HttpClient/UNAVAILABLE (java 1.4)"
115.231.222.14 - - [25/Oct/2015:08:28:13 -0400] "GET http://zc.qq.com/cgi-bin/common/attr?id=260714&r=0.6742534885388199 HTTP/1.1" 404 233 "-" "Mozilla/5.0 (compatible; MSIE 9.0; Windows NT 6.1; Trident/5.0; 360SE)"
115.231.222.14 - - [25/Oct/2015:09:00:11 -0400] "GET http://zc.qq.com/cgi-bin/common/attr?id=260714&r=0.2970427216052224 HTTP/1.1" 404 233 "-" "Mozilla/5.0 (compatible; MSIE 9.0; Windows NT 6.1; Trident/5.0; 360SE)"
104.148.44.116 - - [25/Oct/2015:09:18:43 -0400] "GET http://www.hotbot.com/ HTTP/1.1" 200 27 "-" "Mozilla/5.0 (compatible; MSIE 8.0; Windows NT 6.1; Trident/5.0)"
104.148.44.116 - - [25/Oct/2015:09:18:45 -0400] "CONNECT www.paypal.com:443 HTTP/1.1" 404 233 "-" "-"
116.203.79.196 - - [25/Oct/2015:09:26:13 -0400] "POST /authenticate HTTP/1.1" 200 123 "-" "Apache-HttpClient/UNAVAILABLE (java 1.4)"
116.203.79.196 - - [25/Oct/2015:09:26:16 -0400] "POST /products/list HTTP/1.1" 200 5252 "-" "Apache-HttpClient/UNAVAILABLE (java 1.4)"
116.203.79.196 - - [25/Oct/2015:09:28:19 -0400] "POST /authenticate HTTP/1.1" 200 123 "-" "Apache-HttpClient/UNAVAILABLE (java 1.4)"
116.203.79.196 - - [25/Oct/2015:09:28:22 -0400] "POST /products/list HTTP/1.1" 200 5252 "-" "Apache-HttpClient/UNAVAILABLE (java 1.4)"
115.231.222.14 - - [25/Oct/2015:09:32:07 -0400] "GET http://zc.qq.com/cgi-bin/common/attr?id=260714&r=0.4404259900332953 HTTP/1.1" 404 233 "-" "Mozilla/5.0 (compatible; MSIE 9.0; Windows NT 6.1; Trident/5.0; 360SE)"
116.203.79.196 - - [25/Oct/2015:09:36:04 -0400] "POST /authenticate HTTP/1.1" 200 123 "-" "Apache-HttpClient/UNAVAILABLE (java 1.4)"
116.203.79.196 - - [25/Oct/2015:09:36:16 -0400] "POST /products/list HTTP/1.1" 200 5252 "-" "Apache-HttpClient/UNAVAILABLE (java 1.4)"
116.203.79.196 - - [25/Oct/2015:09:36:46 -0400] "POST /products/list HTTP/1.1" 200 5252 "-" "Apache-HttpClient/UNAVAILABLE (java 1.4)"
116.203.79.196 - - [25/Oct/2015:09:40:36 -0400] "POST /authenticate HTTP/1.1" 200 123 "-" "Apache-HttpClient/UNAVAILABLE (java 1.4)"
116.203.79.196 - - [25/Oct/2015:09:40:38 -0400] "POST /products/list HTTP/1.1" 200 5252 "-" "Apache-HttpClient/UNAVAILABLE (java 1.4)"
116.203.79.196 - - [25/Oct/2015:09:42:15 -0400] "POST /authenticate HTTP/1.1" 200 123 "-" "Apache-HttpClient/UNAVAILABLE (java 1.4)"
116.203.79.196 - - [25/Oct/2015:09:42:30 -0400] "POST /products/list HTTP/1.1" 200 5252 "-" "Apache-HttpClient/UNAVAILABLE (java 1.4)"
116.203.79.196 - - [25/Oct/2015:09:44:57 -0400] "GET / HTTP/1.1" 200 27 "-" "Mozilla/5.0 (Windows NT 6.1) AppleWebKit/537.36 (KHTML, like Gecko) Chrome/46.0.2490.80 Safari/537.36"
116.203.79.196 - - [25/Oct/2015:09:45:02 -0400] "GET /favicon.ico HTTP/1.1" 404 233 "http://188.166.249.229:8080/" "Mozilla/5.0 (Windows NT 6.1) AppleWebKit/537.36 (KHTML, like Gecko) Chrome/46.0.2490.80 Safari/537.36"
116.203.79.196 - - [25/Oct/2015:09:58:10 -0400] "POST /authenticate HTTP/1.1" 200 123 "-" "Apache-HttpClient/UNAVAILABLE (java 1.4)"
116.203.79.196 - - [25/Oct/2015:09:58:13 -0400] "POST /products/list HTTP/1.1" 200 5252 "-" "Apache-HttpClient/UNAVAILABLE (java 1.4)"
116.203.79.196 - - [25/Oct/2015:09:58:29 -0400] "POST /products/list HTTP/1.1" 200 5252 "-" "Apache-HttpClient/UNAVAILABLE (java 1.4)"
116.203.79.196 - - [25/Oct/2015:09:58:36 -0400] "POST /products/list HTTP/1.1" 200 5252 "-" "Apache-HttpClient/UNAVAILABLE (java 1.4)"
116.203.79.196 - - [25/Oct/2015:09:58:43 -0400] "POST /products/list HTTP/1.1" 200 5252 "-" "Apache-HttpClient/UNAVAILABLE (java 1.4)"
116.203.79.196 - - [25/Oct/2015:10:02:22 -0400] "POST /authenticate HTTP/1.1" 200 123 "-" "Apache-HttpClient/UNAVAILABLE (java 1.4)"
116.203.79.196 - - [25/Oct/2015:10:02:28 -0400] "POST /products/list HTTP/1.1" 200 5252 "-" "Apache-HttpClient/UNAVAILABLE (java 1.4)"
116.203.79.196 - - [25/Oct/2015:10:02:39 -0400] "POST /products/list HTTP/1.1" 200 5252 "-" "Apache-HttpClient/UNAVAILABLE (java 1.4)"
115.231.222.14 - - [25/Oct/2015:10:04:05 -0400] "GET http://zc.qq.com/cgi-bin/common/attr?id=260714&r=0.6419029972023807 HTTP/1.1" 404 233 "-" "Mozilla/5.0 (compatible; MSIE 9.0; Windows NT 6.1; Trident/5.0; 360SE)"
116.203.79.196 - - [25/Oct/2015:10:05:37 -0400] "POST /authenticate HTTP/1.1" 200 123 "-" "Apache-HttpClient/UNAVAILABLE (java 1.4)"
116.203.79.196 - - [25/Oct/2015:10:05:39 -0400] "POST /products/list HTTP/1.1" 200 5252 "-" "Apache-HttpClient/UNAVAILABLE (java 1.4)"
116.203.79.196 - - [25/Oct/2015:10:07:19 -0400] "POST /authenticate HTTP/1.1" 200 123 "-" "Apache-HttpClient/UNAVAILABLE (java 1.4)"
116.203.79.196 - - [25/Oct/2015:10:07:21 -0400] "POST /products/list HTTP/1.1" 200 5252 "-" "Apache-HttpClient/UNAVAILABLE (java 1.4)"
116.203.79.196 - - [25/Oct/2015:10:07:24 -0400] "POST /products/list HTTP/1.1" 200 5252 "-" "Apache-HttpClient/UNAVAILABLE (java 1.4)"
185.49.14.190 - - [25/Oct/2015:10:08:26 -0400] "GET http://testp4.pospr.waw.pl/testproxy.php HTTP/1.1" 404 233 "-" "Mozilla/5.0 (Windows NT 5.1; rv:32.0) Gecko/20100101 Firefox/31.0"
116.203.79.196 - - [25/Oct/2015:10:13:22 -0400] "POST /authenticate HTTP/1.1" 200 123 "-" "Apache-HttpClient/UNAVAILABLE (java 1.4)"
116.203.79.196 - - [25/Oct/2015:10:13:24 -0400] "POST /products/list HTTP/1.1" 200 5252 "-" "Apache-HttpClient/UNAVAILABLE (java 1.4)"
116.203.79.196 - - [25/Oct/2015:10:14:33 -0400] "POST /authenticate HTTP/1.1" 200 123 "-" "Apache-HttpClient/UNAVAILABLE (java 1.4)"
116.203.79.196 - - [25/Oct/2015:10:14:35 -0400] "POST /products/list HTTP/1.1" 200 5252 "-" "Apache-HttpClient/UNAVAILABLE (java 1.4)"
116.203.79.196 - - [25/Oct/2015:10:18:49 -0400] "POST /authenticate HTTP/1.1" 200 123 "-" "Apache-HttpClient/UNAVAILABLE (java 1.4)"
116.203.79.196 - - [25/Oct/2015:10:18:56 -0400] "POST /authenticate HTTP/1.1" 200 123 "-" "Apache-HttpClient/UNAVAILABLE (java 1.4)"
116.203.79.196 - - [25/Oct/2015:10:20:33 -0400] "POST /authenticate HTTP/1.1" 200 123 "-" "Apache-HttpClient/UNAVAILABLE (java 1.4)"
116.203.79.196 - - [25/Oct/2015:10:20:36 -0400] "POST /products/list HTTP/1.1" 200 5252 "-" "Apache-HttpClient/UNAVAILABLE (java 1.4)"
116.203.79.196 - - [25/Oct/2015:10:22:54 -0400] "POST /authenticate HTTP/1.1" 200 123 "-" "Apache-HttpClient/UNAVAILABLE (java 1.4)"
116.203.79.196 - - [25/Oct/2015:10:22:56 -0400] "POST /products/list HTTP/1.1" 200 5252 "-" "Apache-HttpClient/UNAVAILABLE (java 1.4)"
116.203.79.196 - - [25/Oct/2015:10:29:32 -0400] "POST /authenticate HTTP/1.1" 200 123 "-" "Apache-HttpClient/UNAVAILABLE (java 1.4)"
116.203.79.196 - - [25/Oct/2015:10:29:34 -0400] "POST /products/list HTTP/1.1" 200 5252 "-" "Apache-HttpClient/UNAVAILABLE (java 1.4)"
116.203.79.196 - - [25/Oct/2015:10:31:54 -0400] "POST /authenticate HTTP/1.1" 200 123 "-" "Apache-HttpClient/UNAVAILABLE (java 1.4)"
116.203.79.196 - - [25/Oct/2015:10:31:58 -0400] "POST /products/list HTTP/1.1" 200 5252 "-" "Apache-HttpClient/UNAVAILABLE (java 1.4)"
116.203.79.196 - - [25/Oct/2015:10:33:06 -0400] "POST /authenticate HTTP/1.1" 200 123 "-" "Apache-HttpClient/UNAVAILABLE (java 1.4)"
116.203.79.196 - - [25/Oct/2015:10:35:58 -0400] "POST /authenticate HTTP/1.1" 200 123 "-" "Apache-HttpClient/UNAVAILABLE (java 1.4)"
115.231.222.14 - - [25/Oct/2015:10:36:04 -0400] "GET http://zc.qq.com/cgi-bin/common/attr?id=260714&r=0.7135358035153003 HTTP/1.1" 404 233 "-" "Mozilla/5.0 (compatible; MSIE 9.0; Windows NT 6.1; Trident/5.0; 360SE)"
116.203.79.196 - - [25/Oct/2015:10:36:05 -0400] "POST /products/list HTTP/1.1" 200 5252 "-" "Apache-HttpClient/UNAVAILABLE (java 1.4)"
116.203.79.196 - - [25/Oct/2015:10:36:18 -0400] "POST /products/list HTTP/1.1" 200 5252 "-" "Apache-HttpClient/UNAVAILABLE (java 1.4)"
116.203.79.196 - - [25/Oct/2015:10:36:29 -0400] "POST /authenticate HTTP/1.1" 200 123 "-" "Apache-HttpClient/UNAVAILABLE (java 1.4)"
116.203.79.196 - - [25/Oct/2015:10:39:26 -0400] "POST /authenticate HTTP/1.1" 200 123 "-" "Apache-HttpClient/UNAVAILABLE (java 1.4)"
116.203.79.196 - - [25/Oct/2015:10:39:30 -0400] "POST /products/list HTTP/1.1" 200 5252 "-" "Apache-HttpClient/UNAVAILABLE (java 1.4)"
116.203.79.196 - - [25/Oct/2015:10:41:12 -0400] "POST /authenticate HTTP/1.1" 200 123 "-" "Apache-HttpClient/UNAVAILABLE (java 1.4)"
116.203.79.196 - - [25/Oct/2015:10:41:20 -0400] "POST /products/list HTTP/1.1" 200 5252 "-" "Apache-HttpClient/UNAVAILABLE (java 1.4)"
116.203.79.196 - - [25/Oct/2015:10:41:27 -0400] "POST /authenticate HTTP/1.1" 200 123 "-" "Apache-HttpClient/UNAVAILABLE (java 1.4)"
116.203.79.196 - - [25/Oct/2015:10:41:33 -0400] "POST /products/list HTTP/1.1" 200 5252 "-" "Apache-HttpClient/UNAVAILABLE (java 1.4)"
116.203.79.196 - - [25/Oct/2015:10:44:53 -0400] "POST /authenticate HTTP/1.1" 200 123 "-" "Apache-HttpClient/UNAVAILABLE (java 1.4)"
116.203.79.196 - - [25/Oct/2015:10:44:55 -0400] "POST /products/list HTTP/1.1" 200 5252 "-" "Apache-HttpClient/UNAVAILABLE (java 1.4)"
116.203.79.196 - - [25/Oct/2015:10:56:43 -0400] "POST /authenticate HTTP/1.1" 200 123 "-" "Apache-HttpClient/UNAVAILABLE (java 1.4)"
116.203.79.196 - - [25/Oct/2015:10:56:48 -0400] "POST /products/list HTTP/1.1" 200 5252 "-" "Apache-HttpClient/UNAVAILABLE (java 1.4)"
116.203.79.196 - - [25/Oct/2015:11:04:58 -0400] "POST /products/list HTTP/1.1" 200 5252 "-" "Apache-HttpClient/UNAVAILABLE (java 1.4)"
115.231.222.14 - - [25/Oct/2015:11:07:59 -0400] "GET http://zc.qq.com/cgi-bin/common/attr?id=260714&r=0.4188248817494235 HTTP/1.1" 404 233 "-" "Mozilla/5.0 (compatible; MSIE 9.0; Windows NT 6.1; Trident/5.0; 360SE)"
116.203.79.196 - - [25/Oct/2015:11:08:00 -0400] "POST /authenticate HTTP/1.1" 200 123 "-" "Apache-HttpClient/UNAVAILABLE (java 1.4)"
116.203.79.196 - - [25/Oct/2015:11:08:14 -0400] "POST /products/list HTTP/1.1" 200 5252 "-" "Apache-HttpClient/UNAVAILABLE (java 1.4)"
116.203.79.196 - - [25/Oct/2015:11:14:03 -0400] "POST /authenticate HTTP/1.1" 200 123 "-" "Apache-HttpClient/UNAVAILABLE (java 1.4)"
116.203.79.196 - - [25/Oct/2015:11:14:07 -0400] "POST /products/list HTTP/1.1" 200 5252 "-" "Apache-HttpClient/UNAVAILABLE (java 1.4)"
116.203.79.196 - - [25/Oct/2015:11:14:10 -0400] "POST /products/list HTTP/1.1" 200 5252 "-" "Apache-HttpClient/UNAVAILABLE (java 1.4)"
116.203.79.196 - - [25/Oct/2015:11:15:34 -0400] "POST /authenticate HTTP/1.1" 200 123 "-" "Apache-HttpClient/UNAVAILABLE (java 1.4)"
116.203.79.196 - - [25/Oct/2015:11:18:04 -0400] "POST /authenticate HTTP/1.1" 200 123 "-" "Apache-HttpClient/UNAVAILABLE (java 1.4)"
116.203.79.196 - - [25/Oct/2015:11:18:09 -0400] "POST /products/list HTTP/1.1" 200 5252 "-" "Apache-HttpClient/UNAVAILABLE (java 1.4)"
116.203.79.196 - - [25/Oct/2015:11:21:01 -0400] "POST /authenticate HTTP/1.1" 200 123 "-" "Apache-HttpClient/UNAVAILABLE (java 1.4)"
116.203.79.196 - - [25/Oct/2015:11:39:45 -0400] "POST /authenticate HTTP/1.1" 200 123 "-" "Apache-HttpClient/UNAVAILABLE (java 1.4)"
115.231.222.14 - - [25/Oct/2015:11:39:54 -0400] "GET http://zc.qq.com/cgi-bin/common/attr?id=260714&r=0.9442501208567558 HTTP/1.1" 404 233 "-" "Mozilla/5.0 (compatible; MSIE 9.0; Windows NT 6.1; Trident/5.0; 360SE)"
104.148.44.116 - - [25/Oct/2015:11:53:39 -0400] "GET http://www.haosou.com/ HTTP/1.1" 200 27 "-" "Mozilla/5.0 (compatible; MSIE 8.0; Windows NT 6.1; Trident/5.0)"
104.148.44.116 - - [25/Oct/2015:11:53:39 -0400] "CONNECT developer.apple.com:443 HTTP/1.1" 404 233 "-" "-"
116.203.79.196 - - [25/Oct/2015:11:58:28 -0400] "POST /authenticate HTTP/1.1" 200 123 "-" "Apache-HttpClient/UNAVAILABLE (java 1.4)"
116.203.79.196 - - [25/Oct/2015:11:59:39 -0400] "POST /authenticate HTTP/1.1" 200 123 "-" "Apache-HttpClient/UNAVAILABLE (java 1.4)"
