116.203.79.196 - - [25/Oct/2015:12:04:01 -0400] "POST /authenticate HTTP/1.1" 200 123 "-" "Apache-HttpClient/UNAVAILABLE (java 1.4)"
111.248.116.145 - - [25/Oct/2015:12:04:03 -0400] "CONNECT 163mx01.mxmail.netease.com:25 HTTP/1.0" 404 233 "-" "-"
116.203.79.196 - - [25/Oct/2015:12:06:27 -0400] "POST /authenticate HTTP/1.1" 200 123 "-" "Apache-HttpClient/UNAVAILABLE (java 1.4)"
115.231.222.14 - - [25/Oct/2015:12:11:51 -0400] "GET http://zc.qq.com/cgi-bin/common/attr?id=260714&r=0.5231318354561576 HTTP/1.1" 404 233 "-" "Mozilla/5.0 (compatible; MSIE 9.0; Windows NT 6.1; Trident/5.0; 360SE)"
116.203.79.196 - - [25/Oct/2015:12:12:19 -0400] "POST /authenticate HTTP/1.1" 200 123 "-" "Apache-HttpClient/UNAVAILABLE (java 1.4)"
95.25.115.88 - - [25/Oct/2015:12:46:04 -0400] "GET http://t4.proxy-checks.com/favicon.ico HTTP/1.1" 404 233 "-" "Mozilla/4.0 (compatible; MSIE 7.0; Windows NT 6.0; SLCC1; .NET CLR 2.0.50727; Media Center PC 5.0; .NET CLR 3.5.21022; .NET CLR 3.5.30729; .NET CLR 3.0.30618)"
95.25.115.88 - - [25/Oct/2015:12:46:05 -0400] "GET http://196.41.139.218/favicon.ico HTTP/1.1" 404 233 "-" "Mozilla/4.0 (compatible; MSIE 7.0; Windows NT 6.0; SLCC1; .NET CLR 2.0.50727; Media Center PC 5.0; .NET CLR 3.5.21022; .NET CLR 3.5.30729; .NET CLR 3.0.30618)"
95.25.115.88 - - [25/Oct/2015:12:46:05 -0400] "POST http://t18.proxy-checks.com/favicon.ico HTTP/1.1" 404 233 "-" "Mozilla/4.0 (compatible; MSIE 7.0; Windows NT 6.0; SLCC1; .NET CLR 2.0.50727; Media Center PC 5.0; .NET CLR 3.5.21022; .NET CLR 3.5.30729; .NET CLR 3.0.30618)"
95.25.115.88 - - [25/Oct/2015:12:50:14 -0400] "GET http://t11.proxy-checks.com/favicon.ico HTTP/1.1" 404 233 "-" "Mozilla/4.0 (compatible; MSIE 7.0; Windows NT 6.0; SLCC1; .NET CLR 2.0.50727; Media Center PC 5.0; .NET CLR 3.5.21022; .NET CLR 3.5.30729; .NET CLR 3.0.30618)"
95.25.115.88 - - [25/Oct/2015:12:50:14 -0400] "GET http://104.156.57.169/favicon.ico HTTP/1.1" 404 233 "-" "Mozilla/4.0 (compatible; MSIE 7.0; Windows NT 6.0; SLCC1; .NET CLR 2.0.50727; Media Center PC 5.0; .NET CLR 3.5.21022; .NET CLR 3.5.30729; .NET CLR 3.0.30618)"
95.25.115.88 - - [25/Oct/2015:12:50:15 -0400] "POST http://t11.proxy-checks.com/favicon.ico HTTP/1.1" 404 233 "-" "Mozilla/4.0 (compatible; MSIE 7.0; Windows NT 6.0; SLCC1; .NET CLR 2.0.50727; Media Center PC 5.0; .NET CLR 3.5.21022; .NET CLR 3.5.30729; .NET CLR 3.0.30618)"
115.231.222.14 - - [25/Oct/2015:13:15:42 -0400] "GET http://zc.qq.com/cgi-bin/common/attr?id=260714&r=0.2506327455739726 HTTP/1.1" 404 233 "-" "Mozilla/5.0 (compatible; MSIE 9.0; Windows NT 6.1; Trident/5.0; 360SE)"
115.231.222.14 - - [25/Oct/2015:13:47:37 -0400] "GET http://zc.qq.com/cgi-bin/common/attr?id=260714&r=0.0575786654946175 HTTP/1.1" 404 233 "-" "Mozilla/5.0 (compatible; MSIE 9.0; Windows NT 6.1; Trident/5.0; 360SE)"
115.231.222.14 - - [25/Oct/2015:14:19:32 -0400] "GET http://zc.qq.com/cgi-bin/common/attr?id=260714&r=0.1682672980333348 HTTP/1.1" 404 233 "-" "Mozilla/5.0 (compatible; MSIE 9.0; Windows NT 6.1; Trident/5.0; 360SE)"
115.231.222.14 - - [25/Oct/2015:14:51:25 -0400] "GET http://zc.qq.com/cgi-bin/common/attr?id=260714&r=0.1225427976393981 HTTP/1.1" 404 233 "-" "Mozilla/5.0 (compatible; MSIE 9.0; Windows NT 6.1; Trident/5.0; 360SE)"
115.231.222.14 - - [25/Oct/2015:15:23:19 -0400] "GET http://zc.qq.com/cgi-bin/common/attr?id=260714&r=0.2242320248721550 HTTP/1.1" 404 233 "-" "Mozilla/5.0 (compatible; MSIE 9.0; Windows NT 6.1; Trident/5.0; 360SE)"
115.231.222.14 - - [25/Oct/2015:15:55:24 -0400] "GET http://zc.qq.com/cgi-bin/common/attr?id=260714&r=0.0209908373462757 HTTP/1.1" 404 233 "-" "Mozilla/5.0 (compatible; MSIE 9.0; Windows NT 6.1; Trident/5.0; 360SE)"
115.231.222.14 - - [25/Oct/2015:16:27:16 -0400] "GET http://zc.qq.com/cgi-bin/common/attr?id=260714&r=0.1800783474462158 HTTP/1.1" 404 233 "-" "Mozilla/5.0 (compatible; MSIE 9.0; Windows NT 6.1; Trident/5.0; 360SE)"
115.231.222.14 - - [25/Oct/2015:16:59:09 -0400] "GET http://zc.qq.com/cgi-bin/common/attr?id=260714&r=0.8707627825437270 HTTP/1.1" 404 233 "-" "Mozilla/5.0 (compatible; MSIE 9.0; Windows NT 6.1; Trident/5.0; 360SE)"
115.231.222.14 - - [25/Oct/2015:17:31:08 -0400] "GET http://zc.qq.com/cgi-bin/common/attr?id=260714&r=0.4355625802551763 HTTP/1.1" 404 233 "-" "Mozilla/5.0 (compatible; MSIE 9.0; Windows NT 6.1; Trident/5.0; 360SE)"
115.231.222.14 - - [25/Oct/2015:18:03:04 -0400] "GET http://zc.qq.com/cgi-bin/common/attr?id=260714&r=0.9419156660648077 HTTP/1.1" 404 233 "-" "Mozilla/5.0 (compatible; MSIE 9.0; Windows NT 6.1; Trident/5.0; 360SE)"
61.160.213.56 - - [25/Oct/2015:18:22:37 -0400] "GET http://zc.qq.com/cgi-bin/chs/numreg/init? HTTP/1.0" 404 233 "-" "-"
115.231.222.14 - - [25/Oct/2015:18:34:59 -0400] "GET http://zc.qq.com/cgi-bin/common/attr?id=260714&r=0.0876823941142274 HTTP/1.1" 404 233 "-" "Mozilla/5.0 (compatible; MSIE 9.0; Windows NT 6.1; Trident/5.0; 360SE)"
220.180.172.124 - - [25/Oct/2015:18:47:08 -0400] "GET http://www.so.com/ HTTP/1.1" 200 27 "http://www.so.com/" "Mozilla/5.0 (compatible; MSIE 9.0; Windows NT 6.1; Trident/5.0)"
220.180.172.124 - - [25/Oct/2015:18:47:12 -0400] "GET http://xiuxiu.meitu.com/ HTTP/1.1" 200 27 "http://xiuxiu.meitu.com/" "Mozilla/5.0 (compatible; MSIE 9.0; Windows NT 6.1; Trident/5.0)"
220.180.172.124 - - [25/Oct/2015:18:47:14 -0400] "GET http://hao.rising.cn/ HTTP/1.1" 200 27 "http://hao.rising.cn/" "Mozilla/5.0 (compatible; MSIE 9.0; Windows NT 6.1; Trident/5.0)"
115.231.222.14 - - [25/Oct/2015:19:06:59 -0400] "GET http://zc.qq.com/cgi-bin/common/attr?id=260714&r=0.5732847384791417 HTTP/1.1" 404 233 "-" "Mozilla/5.0 (compatible; MSIE 9.0; Windows NT 6.1; Trident/5.0; 360SE)"
115.231.222.14 - - [25/Oct/2015:19:38:51 -0400] "GET http://zc.qq.com/cgi-bin/common/attr?id=260714&r=0.5613766266614824 HTTP/1.1" 404 233 "-" "Mozilla/5.0 (compatible; MSIE 9.0; Windows NT 6.1; Trident/5.0; 360SE)"
115.231.222.14 - - [25/Oct/2015:20:11:00 -0400] "GET http://zc.qq.com/cgi-bin/common/attr?id=260714&r=0.2371810876084902 HTTP/1.1" 404 233 "-" "Mozilla/5.0 (compatible; MSIE 9.0; Windows NT 6.1; Trident/5.0; 360SE)"
185.25.151.159 - - [25/Oct/2015:20:14:34 -0400] "GET http://testp2.czar.bielawa.pl/testproxy.php HTTP/1.1" 404 233 "-" "Mozilla/5.0 (Windows NT 5.1; rv:32.0) Gecko/20100101 Firefox/31.0"
115.231.222.14 - - [25/Oct/2015:20:42:53 -0400] "GET http://zc.qq.com/cgi-bin/common/attr?id=260714&r=0.5649704139830834 HTTP/1.1" 404 233 "-" "Mozilla/5.0 (compatible; MSIE 9.0; Windows NT 6.1; Trident/5.0; 360SE)"
115.231.222.14 - - [25/Oct/2015:21:14:48 -0400] "GET http://zc.qq.com/cgi-bin/common/attr?id=260714&r=0.1219047866025399 HTTP/1.1" 404 233 "-" "Mozilla/5.0 (compatible; MSIE 9.0; Windows NT 6.1; Trident/5.0; 360SE)"
115.231.222.14 - - [25/Oct/2015:21:46:42 -0400] "GET http://zc.qq.com/cgi-bin/common/attr?id=260714&r=0.8469235717283261 HTTP/1.1" 404 233 "-" "Mozilla/5.0 (compatible; MSIE 9.0; Windows NT 6.1; Trident/5.0; 360SE)"
104.148.44.116 - - [25/Oct/2015:21:54:12 -0400] "GET http://sg.search.yahoo.com/ HTTP/1.1" 200 27 "-" "Mozilla/5.0 (compatible; MSIE 8.0; Windows NT 6.1; Trident/5.0)"
104.148.44.116 - - [25/Oct/2015:21:54:12 -0400] "CONNECT www.alipay.com:443 HTTP/1.1" 404 233 "-" "-"
61.160.213.56 - - [25/Oct/2015:21:58:30 -0400] "GET http://zc.qq.com/cgi-bin/chs/numreg/init? HTTP/1.0" 404 233 "-" "-"
116.19.111.145 - - [25/Oct/2015:22:12:09 -0400] "GET http://www.baidu.com/s?wd=5118 HTTP/1.1" 404 233 "-" "Mozilla/4.0 (compatible; MSIE 7.0; Windows NT 5.1; TencentTraveler ; EmbeddedWB 14.52 from: http://www.bsalsa.com/ EmbeddedWB 14.52; .NET CLR 2.0.50727; InfoPath.2; .NET CLR 3.0.04506.30; .NET CLR 3.0.04506.590; .NET CLR 3.0.04506.648; .NET CLR 3.5.21022)"
115.231.222.14 - - [25/Oct/2015:22:18:38 -0400] "GET http://zc.qq.com/cgi-bin/common/attr?id=260714&r=0.5702611890197634 HTTP/1.1" 404 233 "-" "Mozilla/5.0 (compatible; MSIE 9.0; Windows NT 6.1; Trident/5.0; 360SE)"
115.231.222.14 - - [25/Oct/2015:22:50:59 -0400] "GET http://zc.qq.com/cgi-bin/common/attr?id=260714&r=0.5346512539489040 HTTP/1.1" 404 233 "-" "Mozilla/5.0 (compatible; MSIE 9.0; Windows NT 6.1; Trident/5.0; 360SE)"
115.231.222.14 - - [25/Oct/2015:23:22:54 -0400] "GET http://zc.qq.com/cgi-bin/common/attr?id=260714&r=0.4012811672958075 HTTP/1.1" 404 233 "-" "Mozilla/5.0 (compatible; MSIE 9.0; Windows NT 6.1; Trident/5.0; 360SE)"
104.148.44.116 - - [25/Oct/2015:23:39:51 -0400] "GET http://cn.bing.com/ HTTP/1.1" 200 27 "-" "Mozilla/5.0 (compatible; MSIE 8.0; Windows NT 6.1; Trident/5.0)"
104.148.44.116 - - [25/Oct/2015:23:39:51 -0400] "CONNECT www.alipay.com:443 HTTP/1.1" 404 233 "-" "-"
115.231.222.14 - - [25/Oct/2015:23:54:49 -0400] "GET http://zc.qq.com/cgi-bin/common/attr?id=260714&r=0.9211257772944937 HTTP/1.1" 404 233 "-" "Mozilla/5.0 (compatible; MSIE 9.0; Windows NT 6.1; Trident/5.0; 360SE)"
116.19.111.145 - - [26/Oct/2015:00:03:14 -0400] "GET http://www.baidu.com/s?wd=5118 HTTP/1.1" 404 233 "-" "Mozilla/4.0 (compatible; MSIE 7.0; Windows NT 5.1; TencentTraveler ; EmbeddedWB 14.52 from: http://www.bsalsa.com/ EmbeddedWB 14.52; .NET CLR 2.0.50727; InfoPath.2; .NET CLR 3.0.04506.30; .NET CLR 3.0.04506.590; .NET CLR 3.0.04506.648; .NET CLR 3.5.21022)"
115.231.222.14 - - [26/Oct/2015:00:26:45 -0400] "GET http://zc.qq.com/cgi-bin/common/attr?id=260714&r=0.1240218564237039 HTTP/1.1" 404 233 "-" "Mozilla/5.0 (compatible; MSIE 9.0; Windows NT 6.1; Trident/5.0; 360SE)"
115.231.222.14 - - [26/Oct/2015:00:58:49 -0400] "GET http://zc.qq.com/cgi-bin/common/attr?id=260714&r=0.8981161186862880 HTTP/1.1" 404 233 "-" "Mozilla/5.0 (compatible; MSIE 9.0; Windows NT 6.1; Trident/5.0; 360SE)"
180.151.232.34 - - [26/Oct/2015:01:14:48 -0400] "POST /authenticate HTTP/1.1" 200 123 "-" "Apache-HttpClient/UNAVAILABLE (java 1.4)"
180.151.232.34 - - [26/Oct/2015:01:14:50 -0400] "POST /products/list HTTP/1.1" 200 5252 "-" "Apache-HttpClient/UNAVAILABLE (java 1.4)"
115.231.222.14 - - [26/Oct/2015:01:30:53 -0400] "GET http://zc.qq.com/cgi-bin/common/attr?id=260714&r=0.9647964221987866 HTTP/1.1" 404 233 "-" "Mozilla/5.0 (compatible; MSIE 9.0; Windows NT 6.1; Trident/5.0; 360SE)"
115.231.222.14 - - [26/Oct/2015:02:02:48 -0400] "GET http://zc.qq.com/cgi-bin/common/attr?id=260714&r=0.6821704868823752 HTTP/1.1" 404 233 "-" "Mozilla/5.0 (compatible; MSIE 9.0; Windows NT 6.1; Trident/5.0; 360SE)"
115.231.222.14 - - [26/Oct/2015:02:34:44 -0400] "GET http://zc.qq.com/cgi-bin/common/attr?id=260714&r=0.1980178281670602 HTTP/1.1" 404 233 "-" "Mozilla/5.0 (compatible; MSIE 9.0; Windows NT 6.1; Trident/5.0; 360SE)"
115.231.222.14 - - [26/Oct/2015:03:06:55 -0400] "GET http://zc.qq.com/cgi-bin/common/attr?id=260714&r=0.6197031180947213 HTTP/1.1" 404 233 "-" "Mozilla/5.0 (compatible; MSIE 9.0; Windows NT 6.1; Trident/5.0; 360SE)"
115.231.222.14 - - [26/Oct/2015:03:38:52 -0400] "GET http://zc.qq.com/cgi-bin/common/attr?id=260714&r=0.2854038010935701 HTTP/1.1" 404 233 "-" "Mozilla/5.0 (compatible; MSIE 9.0; Windows NT 6.1; Trident/5.0; 360SE)"
115.231.222.14 - - [26/Oct/2015:04:10:49 -0400] "GET http://zc.qq.com/cgi-bin/common/attr?id=260714&r=0.7888478010392684 HTTP/1.1" 404 233 "-" "Mozilla/5.0 (compatible; MSIE 9.0; Windows NT 6.1; Trident/5.0; 360SE)"
61.160.213.55 - - [26/Oct/2015:04:24:48 -0400] "GET http://zc.qq.com/cgi-bin/chs/numreg/init? HTTP/1.0" 404 233 "-" "-"
185.25.151.159 - - [26/Oct/2015:04:37:38 -0400] "GET http://testp5.mielno.lubin.pl/testproxy.php HTTP/1.1" 404 233 "-" "Mozilla/5.0 (Windows NT 5.1; rv:32.0) Gecko/20100101 Firefox/31.0"
115.231.222.14 - - [26/Oct/2015:04:42:44 -0400] "GET http://zc.qq.com/cgi-bin/common/attr?id=260714&r=0.4937909856647962 HTTP/1.1" 404 233 "-" "Mozilla/5.0 (compatible; MSIE 9.0; Windows NT 6.1; Trident/5.0; 360SE)"
115.231.222.14 - - [26/Oct/2015:05:14:51 -0400] "GET http://zc.qq.com/cgi-bin/common/attr?id=260714&r=0.7973480849178049 HTTP/1.1" 404 233 "-" "Mozilla/5.0 (compatible; MSIE 9.0; Windows NT 6.1; Trident/5.0; 360SE)"
115.231.222.14 - - [26/Oct/2015:05:46:47 -0400] "GET http://zc.qq.com/cgi-bin/common/attr?id=260714&r=0.7095625171582290 HTTP/1.1" 404 233 "-" "Mozilla/5.0 (compatible; MSIE 9.0; Windows NT 6.1; Trident/5.0; 360SE)"
185.25.151.159 - - [26/Oct/2015:06:12:47 -0400] "GET http://testp5.mielno.lubin.pl/testproxy.php HTTP/1.1" 404 233 "-" "Mozilla/5.0 (Windows NT 5.1; rv:32.0) Gecko/20100101 Firefox/31.0"
115.231.222.14 - - [26/Oct/2015:06:18:55 -0400] "GET http://zc.qq.com/cgi-bin/common/attr?id=260714&r=0.1946733533212554 HTTP/1.1" 404 233 "-" "Mozilla/5.0 (compatible; MSIE 9.0; Windows NT 6.1; Trident/5.0; 360SE)"
115.231.222.14 - - [26/Oct/2015:06:50:52 -0400] "GET http://zc.qq.com/cgi-bin/common/attr?id=260714&r=0.0942211956985605 HTTP/1.1" 404 233 "-" "Mozilla/5.0 (compatible; MSIE 9.0; Windows NT 6.1; Trident/5.0; 360SE)"
104.148.44.116 - - [26/Oct/2015:07:05:12 -0400] "GET http://www.sogou.com/index.html HTTP/1.1" 404 233 "-" "Mozilla/5.0 (compatible; MSIE 8.0; Windows NT 6.1; Trident/5.0)"
104.148.44.116 - - [26/Oct/2015:07:05:12 -0400] "CONNECT www.alipay.com:443 HTTP/1.1" 404 233 "-" "-"
61.160.213.55 - - [26/Oct/2015:07:15:18 -0400] "GET http://zc.qq.com/cgi-bin/chs/numreg/init? HTTP/1.0" 404 233 "-" "-"
115.231.222.14 - - [26/Oct/2015:07:23:02 -0400] "GET http://zc.qq.com/cgi-bin/common/attr?id=260714&r=0.8437442082456146 HTTP/1.1" 404 233 "-" "Mozilla/5.0 (compatible; MSIE 9.0; Windows NT 6.1; Trident/5.0; 360SE)"
115.231.222.14 - - [26/Oct/2015:07:55:02 -0400] "GET http://zc.qq.com/cgi-bin/common/attr?id=260714&r=0.4290406236280065 HTTP/1.1" 404 233 "-" "Mozilla/5.0 (compatible; MSIE 9.0; Windows NT 6.1; Trident/5.0; 360SE)"
104.148.44.116 - - [26/Oct/2015:08:13:49 -0400] "GET http://www.haosou.com/ HTTP/1.1" 200 27 "-" "Mozilla/5.0 (compatible; MSIE 8.0; Windows NT 6.1; Trident/5.0)"
104.148.44.116 - - [26/Oct/2015:08:13:49 -0400] "CONNECT www.microsoftstore.com.cn:443 HTTP/1.1" 404 233 "-" "-"
115.231.222.14 - - [26/Oct/2015:08:26:56 -0400] "GET http://zc.qq.com/cgi-bin/common/attr?id=260714&r=0.2030142790105384 HTTP/1.1" 404 233 "-" "Mozilla/5.0 (compatible; MSIE 9.0; Windows NT 6.1; Trident/5.0; 360SE)"
104.148.44.116 - - [26/Oct/2015:08:28:13 -0400] "GET http://www.haosou.com/ HTTP/1.1" 200 27 "-" "Mozilla/5.0 (compatible; MSIE 8.0; Windows NT 6.1; Trident/5.0)"
104.148.44.116 - - [26/Oct/2015:08:28:14 -0400] "CONNECT www.paypal.com:443 HTTP/1.1" 404 233 "-" "-"
113.74.62.105 - - [26/Oct/2015:08:53:07 -0400] "GET http://www.baidu.com/s?wd=5118 HTTP/1.1" 404 233 "-" "Mozilla/4.0 (compatible; MSIE 7.0; Windows NT 5.1; TencentTraveler ; EmbeddedWB 14.52 from: http://www.bsalsa.com/ EmbeddedWB 14.52; .NET CLR 2.0.50727; InfoPath.2; .NET CLR 3.0.04506.30; .NET CLR 3.0.04506.590; .NET CLR 3.0.04506.648; .NET CLR 3.5.21022)"
115.231.222.14 - - [26/Oct/2015:08:58:52 -0400] "GET http://zc.qq.com/cgi-bin/common/attr?id=260714&r=0.2441487666283371 HTTP/1.1" 404 233 "-" "Mozilla/5.0 (compatible; MSIE 9.0; Windows NT 6.1; Trident/5.0; 360SE)"
104.148.44.116 - - [26/Oct/2015:09:03:46 -0400] "GET http://cn.bing.com/ HTTP/1.1" 200 27 "-" "Mozilla/5.0 (compatible; MSIE 8.0; Windows NT 6.1; Trident/5.0)"
104.148.44.116 - - [26/Oct/2015:09:03:47 -0400] "CONNECT developer.apple.com:443 HTTP/1.1" 404 233 "-" "-"
115.231.222.14 - - [26/Oct/2015:09:30:50 -0400] "GET http://zc.qq.com/cgi-bin/common/attr?id=260714&r=0.8547311163251171 HTTP/1.1" 404 233 "-" "Mozilla/5.0 (compatible; MSIE 9.0; Windows NT 6.1; Trident/5.0; 360SE)"
115.231.222.14 - - [26/Oct/2015:10:02:48 -0400] "GET http://zc.qq.com/cgi-bin/common/attr?id=260714&r=0.4194475244561320 HTTP/1.1" 404 233 "-" "Mozilla/5.0 (compatible; MSIE 9.0; Windows NT 6.1; Trident/5.0; 360SE)"
115.231.222.14 - - [26/Oct/2015:10:34:47 -0400] "GET http://zc.qq.com/cgi-bin/common/attr?id=260714&r=0.0964011888707316 HTTP/1.1" 404 233 "-" "Mozilla/5.0 (compatible; MSIE 9.0; Windows NT 6.1; Trident/5.0; 360SE)"
115.231.222.14 - - [26/Oct/2015:11:06:44 -0400] "GET http://zc.qq.com/cgi-bin/common/attr?id=260714&r=0.9134790904453929 HTTP/1.1" 404 233 "-" "Mozilla/5.0 (compatible; MSIE 9.0; Windows NT 6.1; Trident/5.0; 360SE)"
115.231.222.14 - - [26/Oct/2015:11:38:41 -0400] "GET http://zc.qq.com/cgi-bin/common/attr?id=260714&r=0.2369571272040761 HTTP/1.1" 404 233 "-" "Mozilla/5.0 (compatible; MSIE 9.0; Windows NT 6.1; Trident/5.0; 360SE)"
116.203.77.144 - - [26/Oct/2015:12:07:49 -0400] "POST /authenticate HTTP/1.1" 200 123 "-" "Apache-HttpClient/UNAVAILABLE (java 1.4)"
116.203.77.144 - - [26/Oct/2015:12:07:52 -0400] "POST /products/list HTTP/1.1" 200 5252 "-" "Apache-HttpClient/UNAVAILABLE (java 1.4)"
116.203.77.144 - - [26/Oct/2015:12:07:55 -0400] "POST /products/list HTTP/1.1" 200 5252 "-" "Apache-HttpClient/UNAVAILABLE (java 1.4)"
116.203.77.144 - - [26/Oct/2015:12:10:24 -0400] "POST /authenticate HTTP/1.1" 200 123 "-" "Apache-HttpClient/UNAVAILABLE (java 1.4)"
116.203.77.144 - - [26/Oct/2015:12:10:27 -0400] "POST /products/list HTTP/1.1" 200 5252 "-" "Apache-HttpClient/UNAVAILABLE (java 1.4)"
115.231.222.14 - - [26/Oct/2015:12:10:36 -0400] "GET http://zc.qq.com/cgi-bin/common/attr?id=260714&r=0.3232665060066702 HTTP/1.1" 404 233 "-" "Mozilla/5.0 (compatible; MSIE 9.0; Windows NT 6.1; Trident/5.0; 360SE)"
115.231.222.14 - - [26/Oct/2015:12:42:33 -0400] "GET http://zc.qq.com/cgi-bin/common/attr?id=260714&r=0.7311010382486436 HTTP/1.1" 404 233 "-" "Mozilla/5.0 (compatible; MSIE 9.0; Windows NT 6.1; Trident/5.0; 360SE)"
115.231.222.14 - - [26/Oct/2015:13:14:05 -0400] "GET http://zc.qq.com/cgi-bin/common/attr?id=260714&r=0.2225226924821312 HTTP/1.1" 404 233 "-" "Mozilla/5.0 (compatible; MSIE 9.0; Windows NT 6.1; Trident/5.0; 360SE)"
115.231.222.14 - - [26/Oct/2015:13:45:45 -0400] "GET http://zc.qq.com/cgi-bin/common/attr?id=260714&r=0.8603307444322885 HTTP/1.1" 404 233 "-" "Mozilla/5.0 (compatible; MSIE 9.0; Windows NT 6.1; Trident/5.0; 360SE)"
115.231.222.14 - - [26/Oct/2015:14:17:52 -0400] "GET http://zc.qq.com/cgi-bin/common/attr?id=260714&r=0.8254047796004632 HTTP/1.1" 404 233 "-" "Mozilla/5.0 (compatible; MSIE 9.0; Windows NT 6.1; Trident/5.0; 360SE)"
115.231.222.14 - - [26/Oct/2015:14:49:45 -0400] "GET http://zc.qq.com/cgi-bin/common/attr?id=260714&r=0.4798892845548658 HTTP/1.1" 404 233 "-" "Mozilla/5.0 (compatible; MSIE 9.0; Windows NT 6.1; Trident/5.0; 360SE)"
115.231.222.14 - - [26/Oct/2015:15:21:22 -0400] "GET http://zc.qq.com/cgi-bin/common/attr?id=260714&r=0.0292192411150401 HTTP/1.1" 404 233 "-" "Mozilla/5.0 (compatible; MSIE 9.0; Windows NT 6.1; Trident/5.0; 360SE)"
115.231.222.14 - - [26/Oct/2015:15:53:00 -0400] "GET http://zc.qq.com/cgi-bin/common/attr?id=260714&r=0.6510812943755960 HTTP/1.1" 404 233 "-" "Mozilla/5.0 (compatible; MSIE 9.0; Windows NT 6.1; Trident/5.0; 360SE)"
91.196.50.33 - - [26/Oct/2015:16:04:25 -0400] "GET http://testp3.pospr.waw.pl/testproxy.php HTTP/1.1" 404 233 "-" "Mozilla/5.0 (Windows NT 5.1; rv:32.0) Gecko/20100101 Firefox/31.0"
115.231.222.14 - - [26/Oct/2015:16:24:46 -0400] "GET http://zc.qq.com/cgi-bin/common/attr?id=260714&r=0.0684799450052408 HTTP/1.1" 404 233 "-" "Mozilla/5.0 (compatible; MSIE 9.0; Windows NT 6.1; Trident/5.0; 360SE)"
115.231.222.14 - - [26/Oct/2015:16:56:21 -0400] "GET http://zc.qq.com/cgi-bin/common/attr?id=260714&r=0.1555827830822345 HTTP/1.1" 404 233 "-" "Mozilla/5.0 (compatible; MSIE 9.0; Windows NT 6.1; Trident/5.0; 360SE)"
220.180.172.124 - - [26/Oct/2015:17:24:26 -0400] "GET http://www.chinaunionpay.com/ HTTP/1.1" 200 27 "http://www.chinaunionpay.com/" "Mozilla/5.0 (compatible; MSIE 9.0; Windows NT 6.1; Trident/5.0)"
220.180.172.124 - - [26/Oct/2015:17:24:30 -0400] "GET http://www.so.com/ HTTP/1.1" 200 27 "http://www.so.com/" "Mozilla/5.0 (compatible; MSIE 9.0; Windows NT 6.1; Trident/5.0)"
220.180.172.124 - - [26/Oct/2015:17:24:32 -0400] "GET http://www.xici.net/ HTTP/1.1" 200 27 "http://www.xici.net/" "Mozilla/5.0 (compatible; MSIE 9.0; Windows NT 6.1; Trident/5.0)"
115.231.222.14 - - [26/Oct/2015:17:28:19 -0400] "GET http://zc.qq.com/cgi-bin/common/attr?id=260714&r=0.5479573893670527 HTTP/1.1" 404 233 "-" "Mozilla/5.0 (compatible; MSIE 9.0; Windows NT 6.1; Trident/5.0; 360SE)"
115.231.222.14 - - [26/Oct/2015:18:00:36 -0400] "GET http://zc.qq.com/cgi-bin/common/attr?id=260714&r=0.8032340153110511 HTTP/1.1" 404 233 "-" "Mozilla/5.0 (compatible; MSIE 9.0; Windows NT 6.1; Trident/5.0; 360SE)"
115.231.222.14 - - [26/Oct/2015:18:32:36 -0400] "GET http://zc.qq.com/cgi-bin/common/attr?id=260714&r=0.9435851927968321 HTTP/1.1" 404 233 "-" "Mozilla/5.0 (compatible; MSIE 9.0; Windows NT 6.1; Trident/5.0; 360SE)"
115.231.222.14 - - [26/Oct/2015:19:04:43 -0400] "GET http://zc.qq.com/cgi-bin/common/attr?id=260714&r=0.5897078053053904 HTTP/1.1" 404 233 "-" "Mozilla/5.0 (compatible; MSIE 9.0; Windows NT 6.1; Trident/5.0; 360SE)"
115.231.222.14 - - [26/Oct/2015:19:36:16 -0400] "GET http://zc.qq.com/cgi-bin/common/attr?id=260714&r=0.3881603179465479 HTTP/1.1" 404 233 "-" "Mozilla/5.0 (compatible; MSIE 9.0; Windows NT 6.1; Trident/5.0; 360SE)"
115.231.222.14 - - [26/Oct/2015:20:07:49 -0400] "GET http://zc.qq.com/cgi-bin/common/attr?id=260714&r=0.0945482295225835 HTTP/1.1" 404 233 "-" "Mozilla/5.0 (compatible; MSIE 9.0; Windows NT 6.1; Trident/5.0; 360SE)"
115.231.222.14 - - [26/Oct/2015:21:12:14 -0400] "GET http://zc.qq.com/cgi-bin/common/attr?id=260714&r=0.9159165515789803 HTTP/1.1" 404 233 "-" "Mozilla/5.0 (compatible; MSIE 9.0; Windows NT 6.1; Trident/5.0; 360SE)"
157.61.158.33 - - [26/Oct/2015:21:21:33 -0400] "GET http://www.56.com/ HTTP/1.1" 200 27 "http://www.56.com/" "Mozilla/5.0 (compatible; MSIE 9.0; Windows NT 6.1; Trident/5.0)"
157.61.158.33 - - [26/Oct/2015:21:21:34 -0400] "GET http://www.ford.com.cn/ HTTP/1.1" 200 27 "http://www.ford.com.cn/" "Mozilla/5.0 (compatible; MSIE 9.0; Windows NT 6.1; Trident/5.0)"
157.61.158.33 - - [26/Oct/2015:21:21:36 -0400] "GET http://mobile.163.com/ HTTP/1.1" 200 27 "http://mobile.163.com/" "Mozilla/5.0 (compatible; MSIE 9.0; Windows NT 6.1; Trident/5.0)"
115.231.222.14 - - [26/Oct/2015:21:44:16 -0400] "GET http://zc.qq.com/cgi-bin/common/attr?id=260714&r=0.1876875183814560 HTTP/1.1" 404 233 "-" "Mozilla/5.0 (compatible; MSIE 9.0; Windows NT 6.1; Trident/5.0; 360SE)"
220.180.172.124 - - [26/Oct/2015:21:59:57 -0400] "GET http://book.sohu.com/ HTTP/1.1" 200 27 "http://book.sohu.com/" "Mozilla/5.0 (compatible; MSIE 9.0; Windows NT 6.1; Trident/5.0)"
115.231.222.14 - - [26/Oct/2015:22:15:51 -0400] "GET http://zc.qq.com/cgi-bin/common/attr?id=260714&r=0.9662612913133008 HTTP/1.1" 404 233 "-" "Mozilla/5.0 (compatible; MSIE 9.0; Windows NT 6.1; Trident/5.0; 360SE)"
157.61.158.33 - - [26/Oct/2015:22:57:18 -0400] "GET http://www.taihainet.com/ HTTP/1.1" 200 27 "http://www.taihainet.com/" "Mozilla/5.0 (compatible; MSIE 9.0; Windows NT 6.1; Trident/5.0)"
115.231.222.14 - - [26/Oct/2015:23:19:13 -0400] "GET http://zc.qq.com/cgi-bin/common/attr?id=260714&r=0.6706266264263490 HTTP/1.1" 404 233 "-" "Mozilla/5.0 (compatible; MSIE 9.0; Windows NT 6.1; Trident/5.0; 360SE)"
115.231.222.14 - - [26/Oct/2015:23:51:01 -0400] "GET http://zc.qq.com/cgi-bin/common/attr?id=260714&r=0.3779657767864539 HTTP/1.1" 404 233 "-" "Mozilla/5.0 (compatible; MSIE 9.0; Windows NT 6.1; Trident/5.0; 360SE)"
115.231.222.14 - - [27/Oct/2015:00:22:58 -0400] "GET http://zc.qq.com/cgi-bin/common/attr?id=260714&r=0.5952644621818561 HTTP/1.1" 404 233 "-" "Mozilla/5.0 (compatible; MSIE 9.0; Windows NT 6.1; Trident/5.0; 360SE)"
220.180.172.124 - - [27/Oct/2015:00:33:56 -0400] "GET http://www.chinapnr.com/ HTTP/1.1" 200 27 "http://www.chinapnr.com/" "Mozilla/5.0 (compatible; MSIE 9.0; Windows NT 6.1; Trident/5.0)"
220.180.172.124 - - [27/Oct/2015:00:34:06 -0400] "GET http://www.stcn.com/ HTTP/1.1" 200 27 "http://www.stcn.com/" "Mozilla/5.0 (compatible; MSIE 9.0; Windows NT 6.1; Trident/5.0)"
220.180.172.124 - - [27/Oct/2015:00:34:11 -0400] "GET http://www.lnd.com.cn/ HTTP/1.1" 200 27 "http://www.lnd.com.cn/" "Mozilla/5.0 (compatible; MSIE 9.0; Windows NT 6.1; Trident/5.0)"
115.231.222.14 - - [27/Oct/2015:00:56:53 -0400] "GET http://zc.qq.com/cgi-bin/common/attr?id=260714&r=0.8498246080361601 HTTP/1.1" 404 233 "-" "Mozilla/5.0 (compatible; MSIE 9.0; Windows NT 6.1; Trident/5.0; 360SE)"
115.231.222.14 - - [27/Oct/2015:01:28:17 -0400] "GET http://zc.qq.com/cgi-bin/common/attr?id=260714&r=0.4291167456447031 HTTP/1.1" 404 233 "-" "Mozilla/5.0 (compatible; MSIE 9.0; Windows NT 6.1; Trident/5.0; 360SE)"
61.160.213.55 - - [27/Oct/2015:01:37:32 -0400] "GET http://zc.qq.com/cgi-bin/chs/numreg/init? HTTP/1.0" 404 233 "-" "-"
185.25.148.240 - - [27/Oct/2015:01:50:49 -0400] "GET http://testp3.pospr.waw.pl/testproxy.php HTTP/1.1" 404 233 "-" "Mozilla/5.0 (Windows NT 5.1; rv:32.0) Gecko/20100101 Firefox/31.0"
115.231.222.14 - - [27/Oct/2015:02:00:05 -0400] "GET http://zc.qq.com/cgi-bin/common/attr?id=260714&r=0.5748214761158417 HTTP/1.1" 404 233 "-" "Mozilla/5.0 (compatible; MSIE 9.0; Windows NT 6.1; Trident/5.0; 360SE)"
115.231.222.14 - - [27/Oct/2015:02:31:54 -0400] "GET http://zc.qq.com/cgi-bin/common/attr?id=260714&r=0.4504384584820722 HTTP/1.1" 404 233 "-" "Mozilla/5.0 (compatible; MSIE 9.0; Windows NT 6.1; Trident/5.0; 360SE)"
115.231.222.14 - - [27/Oct/2015:03:04:00 -0400] "GET http://zc.qq.com/cgi-bin/common/attr?id=260714&r=0.5521311931951891 HTTP/1.1" 404 233 "-" "Mozilla/5.0 (compatible; MSIE 9.0; Windows NT 6.1; Trident/5.0; 360SE)"
103.50.7.146 - - [27/Oct/2015:03:32:57 -0400] "POST /authenticate HTTP/1.1" 200 123 "-" "Apache-HttpClient/UNAVAILABLE (java 1.4)"
115.231.222.14 - - [27/Oct/2015:03:35:43 -0400] "GET http://zc.qq.com/cgi-bin/common/attr?id=260714&r=0.9401546783304693 HTTP/1.1" 404 233 "-" "Mozilla/5.0 (compatible; MSIE 9.0; Windows NT 6.1; Trident/5.0; 360SE)"
180.151.232.34 - - [27/Oct/2015:03:56:01 -0400] "POST /authenticate HTTP/1.1" 200 123 "-" "Apache-HttpClient/UNAVAILABLE (java 1.4)"
115.231.222.14 - - [27/Oct/2015:04:07:34 -0400] "GET http://zc.qq.com/cgi-bin/common/attr?id=260714&r=0.6697618760779324 HTTP/1.1" 404 233 "-" "Mozilla/5.0 (compatible; MSIE 9.0; Windows NT 6.1; Trident/5.0; 360SE)"
103.50.7.146 - - [27/Oct/2015:04:16:53 -0400] "POST /authenticate HTTP/1.1" 200 123 "-" "Apache-HttpClient/UNAVAILABLE (java 1.4)"
103.50.7.146 - - [27/Oct/2015:04:18:38 -0400] "POST /authenticate HTTP/1.1" 200 123 "-" "Apache-HttpClient/UNAVAILABLE (java 1.4)"
110.172.208.26 - - [27/Oct/2015:04:32:27 -0400] "GET http://digi.it.sohu.com/ HTTP/1.1" 200 27 "http://digi.it.sohu.com/" "Mozilla/5.0 (compatible; MSIE 9.0; Windows NT 6.1; Trident/5.0)"
110.172.208.26 - - [27/Oct/2015:04:32:31 -0400] "GET http://gd.qq.com/ HTTP/1.1" 200 27 "http://gd.qq.com/" "Mozilla/5.0 (compatible; MSIE 9.0; Windows NT 6.1; Trident/5.0)"
110.172.208.26 - - [27/Oct/2015:04:32:34 -0400] "GET http://zx.cp.ifeng.com/ HTTP/1.1" 200 27 "http://zx.cp.ifeng.com/" "Mozilla/5.0 (compatible; MSIE 9.0; Windows NT 6.1; Trident/5.0)"
115.231.222.14 - - [27/Oct/2015:04:39:32 -0400] "GET http://zc.qq.com/cgi-bin/common/attr?id=260714&r=0.5237662257908430 HTTP/1.1" 404 233 "-" "Mozilla/5.0 (compatible; MSIE 9.0; Windows NT 6.1; Trident/5.0; 360SE)"
220.180.172.124 - - [27/Oct/2015:05:00:02 -0400] "GET http://www.pptv.com/ HTTP/1.1" 200 27 "http://www.pptv.com/" "Mozilla/5.0 (compatible; MSIE 9.0; Windows NT 6.1; Trident/5.0)"
180.151.232.34 - - [27/Oct/2015:05:04:19 -0400] "POST /authenticate HTTP/1.1" 200 123 "-" "Apache-HttpClient/UNAVAILABLE (java 1.4)"
115.231.222.14 - - [27/Oct/2015:05:11:47 -0400] "GET http://zc.qq.com/cgi-bin/common/attr?id=260714&r=0.4719778900653163 HTTP/1.1" 404 233 "-" "Mozilla/5.0 (compatible; MSIE 9.0; Windows NT 6.1; Trident/5.0; 360SE)"
61.160.213.56 - - [27/Oct/2015:05:24:59 -0400] "GET http://zc.qq.com/cgi-bin/chs/numreg/init? HTTP/1.0" 404 233 "-" "-"
111.248.99.244 - - [27/Oct/2015:05:46:49 -0400] "CONNECT 163mx03.mxmail.netease.com:25 HTTP/1.0" 404 233 "-" "-"
115.231.222.14 - - [27/Oct/2015:06:15:48 -0400] "GET http://zc.qq.com/cgi-bin/common/attr?id=260714&r=0.7959072726609163 HTTP/1.1" 404 233 "-" "Mozilla/5.0 (compatible; MSIE 9.0; Windows NT 6.1; Trident/5.0; 360SE)"
103.50.7.146 - - [27/Oct/2015:06:37:50 -0400] "POST /authenticate HTTP/1.1" 200 123 "-" "Apache-HttpClient/UNAVAILABLE (java 1.4)"
103.50.7.146 - - [27/Oct/2015:06:39:40 -0400] "GET / HTTP/1.1" 200 27 "-" "Mozilla/5.0 (Windows NT 6.1) AppleWebKit/537.36 (KHTML, like Gecko) Chrome/46.0.2490.80 Safari/537.36"
180.151.232.34 - - [27/Oct/2015:06:39:40 -0400] "POST /register HTTP/1.1" 500 36 "-" "Apache-HttpClient/UNAVAILABLE (java 1.4)"
103.50.7.146 - - [27/Oct/2015:06:39:41 -0400] "POST /register HTTP/1.1" 500 36 "-" "Apache-HttpClient/UNAVAILABLE (java 1.4)"
180.151.232.34 - - [27/Oct/2015:06:39:41 -0400] "GET / HTTP/1.1" 200 27 "-" "Mozilla/5.0 (Windows NT 6.1) AppleWebKit/537.36 (KHTML, like Gecko) Chrome/46.0.2490.80 Safari/537.36"
103.50.7.146 - - [27/Oct/2015:06:39:42 -0400] "GET /favicon.ico HTTP/1.1" 404 233 "http://188.166.249.229:8080/" "Mozilla/5.0 (Windows NT 6.1) AppleWebKit/537.36 (KHTML, like Gecko) Chrome/46.0.2490.80 Safari/537.36"
180.151.232.34 - - [27/Oct/2015:06:40:09 -0400] "POST /authenticate HTTP/1.1" 200 123 "-" "Apache-HttpClient/UNAVAILABLE (java 1.4)"
180.151.232.34 - - [27/Oct/2015:06:40:29 -0400] "POST /authenticate HTTP/1.1" 200 123 "-" "Apache-HttpClient/UNAVAILABLE (java 1.4)"
115.231.222.14 - - [27/Oct/2015:06:47:38 -0400] "GET http://zc.qq.com/cgi-bin/common/attr?id=260714&r=0.8662100805952201 HTTP/1.1" 404 233 "-" "Mozilla/5.0 (compatible; MSIE 9.0; Windows NT 6.1; Trident/5.0; 360SE)"
103.50.7.146 - - [27/Oct/2015:07:13:19 -0400] "POST /forgotpassword HTTP/1.1" 404 233 "-" "Apache-HttpClient/UNAVAILABLE (java 1.4)"
180.151.232.34 - - [27/Oct/2015:07:14:18 -0400] "POST /forgotpassword HTTP/1.1" 404 233 "-" "Apache-HttpClient/UNAVAILABLE (java 1.4)"
180.151.232.34 - - [27/Oct/2015:07:14:30 -0400] "POST /forgotpassword HTTP/1.1" 404 233 "-" "Apache-HttpClient/UNAVAILABLE (java 1.4)"
104.148.44.116 - - [27/Oct/2015:07:18:34 -0400] "GET http://sg.search.yahoo.com/ HTTP/1.1" 200 27 "-" "Mozilla/5.0 (compatible; MSIE 8.0; Windows NT 6.1; Trident/5.0)"
104.148.44.116 - - [27/Oct/2015:07:18:34 -0400] "CONNECT www.microsoftstore.com.cn:443 HTTP/1.1" 404 233 "-" "-"
115.231.222.14 - - [27/Oct/2015:07:19:28 -0400] "GET http://zc.qq.com/cgi-bin/common/attr?id=260714&r=0.7508279406933038 HTTP/1.1" 404 233 "-" "Mozilla/5.0 (compatible; MSIE 9.0; Windows NT 6.1; Trident/5.0; 360SE)"
103.50.7.146 - - [27/Oct/2015:07:22:39 -0400] "POST /forgotpassword HTTP/1.1" 404 233 "-" "Apache-HttpClient/UNAVAILABLE (java 1.4)"
103.50.7.146 - - [27/Oct/2015:07:22:40 -0400] "POST /forgotpassword HTTP/1.1" 404 233 "-" "Apache-HttpClient/UNAVAILABLE (java 1.4)"
180.151.232.34 - - [27/Oct/2015:07:22:55 -0400] "POST /forgotpassword HTTP/1.1" 404 233 "-" "Apache-HttpClient/UNAVAILABLE (java 1.4)"
103.50.7.146 - - [27/Oct/2015:07:42:13 -0400] "POST /authenticate HTTP/1.1" 200 123 "-" "Apache-HttpClient/UNAVAILABLE (java 1.4)"
115.231.222.14 - - [27/Oct/2015:07:51:29 -0400] "GET http://zc.qq.com/cgi-bin/common/attr?id=260714&r=0.3068982048619267 HTTP/1.1" 404 233 "-" "Mozilla/5.0 (compatible; MSIE 9.0; Windows NT 6.1; Trident/5.0; 360SE)"
103.50.7.146 - - [27/Oct/2015:08:07:38 -0400] "POST /forgotpassword HTTP/1.1" 404 233 "-" "Apache-HttpClient/UNAVAILABLE (java 1.4)"
103.50.7.146 - - [27/Oct/2015:08:07:43 -0400] "POST /forgotpassword HTTP/1.1" 404 233 "-" "Apache-HttpClient/UNAVAILABLE (java 1.4)"
103.50.7.146 - - [27/Oct/2015:08:09:41 -0400] "POST /forgotpassword/user HTTP/1.1" 404 36 "-" "Apache-HttpClient/UNAVAILABLE (java 1.4)"
103.50.7.146 - - [27/Oct/2015:08:09:47 -0400] "POST /forgotpassword/user HTTP/1.1" 404 36 "-" "Apache-HttpClient/UNAVAILABLE (java 1.4)"
103.50.7.146 - - [27/Oct/2015:08:10:31 -0400] "POST /authenticate HTTP/1.1" 200 123 "-" "Apache-HttpClient/UNAVAILABLE (java 1.4)"
180.151.232.34 - - [27/Oct/2015:08:10:42 -0400] "POST /forgotpassword/user HTTP/1.1" 404 36 "-" "Apache-HttpClient/UNAVAILABLE (java 1.4)"
180.151.232.34 - - [27/Oct/2015:08:12:17 -0400] "POST /forgotpassword/emailid HTTP/1.1" 404 36 "-" "Apache-HttpClient/UNAVAILABLE (java 1.4)"
103.50.7.146 - - [27/Oct/2015:08:12:37 -0400] "POST /forgotpassword/emailid HTTP/1.1" 404 36 "-" "Apache-HttpClient/UNAVAILABLE (java 1.4)"
180.151.232.34 - - [27/Oct/2015:08:13:06 -0400] "POST /forgotpassword/emailid HTTP/1.1" 404 36 "-" "Apache-HttpClient/UNAVAILABLE (java 1.4)"
103.50.7.146 - - [27/Oct/2015:08:13:17 -0400] "POST /authenticate HTTP/1.1" 200 123 "-" "Apache-HttpClient/UNAVAILABLE (java 1.4)"
180.151.232.34 - - [27/Oct/2015:08:13:24 -0400] "POST /forgotpassword/emailid HTTP/1.1" 404 36 "-" "Apache-HttpClient/UNAVAILABLE (java 1.4)"
103.50.7.146 - - [27/Oct/2015:08:16:57 -0400] "POST /forgotpassword/emailid HTTP/1.1" 404 36 "-" "Apache-HttpClient/UNAVAILABLE (java 1.4)"
180.151.232.34 - - [27/Oct/2015:08:20:31 -0400] "POST /forgotpassword/emailid HTTP/1.1" 404 36 "-" "Apache-HttpClient/UNAVAILABLE (java 1.4)"
180.151.232.34 - - [27/Oct/2015:08:20:33 -0400] "POST /forgotpassword/emailid HTTP/1.1" 404 36 "-" "Apache-HttpClient/UNAVAILABLE (java 1.4)"
180.151.232.34 - - [27/Oct/2015:08:22:22 -0400] "POST /forgotpassword HTTP/1.1" 404 233 "-" "Apache-HttpClient/UNAVAILABLE (java 1.4)"
103.50.7.146 - - [27/Oct/2015:08:22:27 -0400] "POST /forgotpassword HTTP/1.1" 404 233 "-" "Apache-HttpClient/UNAVAILABLE (java 1.4)"
115.231.222.14 - - [27/Oct/2015:08:23:20 -0400] "GET http://zc.qq.com/cgi-bin/common/attr?id=260714&r=0.9605564533773815 HTTP/1.1" 404 233 "-" "Mozilla/5.0 (compatible; MSIE 9.0; Windows NT 6.1; Trident/5.0; 360SE)"
103.50.7.146 - - [27/Oct/2015:08:24:26 -0400] "POST /forgotpassword/emailid HTTP/1.1" 404 36 "-" "Apache-HttpClient/UNAVAILABLE (java 1.4)"
103.50.7.146 - - [27/Oct/2015:08:29:25 -0400] "POST /authenticate HTTP/1.1" 200 123 "-" "Apache-HttpClient/UNAVAILABLE (java 1.4)"
103.50.7.146 - - [27/Oct/2015:08:31:30 -0400] "POST /authenticate HTTP/1.1" 200 123 "-" "Apache-HttpClient/UNAVAILABLE (java 1.4)"
103.50.7.146 - - [27/Oct/2015:08:42:33 -0400] "POST /authenticate HTTP/1.1" 200 123 "-" "Apache-HttpClient/UNAVAILABLE (java 1.4)"
103.50.7.146 - - [27/Oct/2015:08:45:54 -0400] "POST /authenticate HTTP/1.1" 200 123 "-" "Apache-HttpClient/UNAVAILABLE (java 1.4)"
103.50.7.146 - - [27/Oct/2015:08:45:59 -0400] "POST /verify HTTP/1.1" 404 233 "-" "Apache-HttpClient/UNAVAILABLE (java 1.4)"
103.50.7.146 - - [27/Oct/2015:08:47:43 -0400] "POST /authenticate HTTP/1.1" 200 123 "-" "Apache-HttpClient/UNAVAILABLE (java 1.4)"
180.151.232.34 - - [27/Oct/2015:08:47:47 -0400] "POST /email/verify HTTP/1.1" 500 36 "-" "Apache-HttpClient/UNAVAILABLE (java 1.4)"
115.231.222.14 - - [27/Oct/2015:08:55:12 -0400] "GET http://zc.qq.com/cgi-bin/common/attr?id=260714&r=0.0377024992528375 HTTP/1.1" 404 233 "-" "Mozilla/5.0 (compatible; MSIE 9.0; Windows NT 6.1; Trident/5.0; 360SE)"
103.50.7.146 - - [27/Oct/2015:08:56:16 -0400] "POST /authenticate HTTP/1.1" 200 123 "-" "Apache-HttpClient/UNAVAILABLE (java 1.4)"
180.151.232.34 - - [27/Oct/2015:08:56:17 -0400] "POST /authenticate HTTP/1.1" 200 123 "-" "Apache-HttpClient/UNAVAILABLE (java 1.4)"
103.50.7.146 - - [27/Oct/2015:08:56:19 -0400] "POST /authenticate HTTP/1.1" 200 123 "-" "Apache-HttpClient/UNAVAILABLE (java 1.4)"
180.151.232.34 - - [27/Oct/2015:08:56:58 -0400] "POST /authenticate HTTP/1.1" 200 123 "-" "Apache-HttpClient/UNAVAILABLE (java 1.4)"
103.50.7.146 - - [27/Oct/2015:08:57:09 -0400] "POST /products/list HTTP/1.1" 200 5252 "-" "Apache-HttpClient/UNAVAILABLE (java 1.4)"
103.50.7.146 - - [27/Oct/2015:08:57:19 -0400] "POST /email/verify HTTP/1.1" 500 36 "-" "Apache-HttpClient/UNAVAILABLE (java 1.4)"
180.151.232.34 - - [27/Oct/2015:08:57:47 -0400] "POST /products/list HTTP/1.1" 200 5252 "-" "Apache-HttpClient/UNAVAILABLE (java 1.4)"
103.50.7.146 - - [27/Oct/2015:08:58:14 -0400] "POST /forgotpassword/emailid HTTP/1.1" 404 36 "-" "Apache-HttpClient/UNAVAILABLE (java 1.4)"
5.178.86.77 - - [27/Oct/2015:09:01:26 -0400] "POST http://check.best-proxies.ru/azenv.php?auth=144595088685511&a=PC&i=3165059557&p=8080 HTTP/1.1" 404 233 "http://best-proxies.ru/" "Mozilla/4.0 (compatible; MSIE 8.0; Windows NT 5.1; Trident/4.0)"
5.178.86.77 - - [27/Oct/2015:09:01:31 -0400] "CONNECT check.best-proxies.ru:80 HTTP/1.1" 404 233 "-" "-"
14.139.238.98 - - [27/Oct/2015:09:02:40 -0400] "GET / HTTP/1.1" 200 27 "-" "Mozilla/5.0 (X11; Linux x86_64) AppleWebKit/537.36 (KHTML, like Gecko) Ubuntu Chromium/45.0.2454.85 Chrome/45.0.2454.85 Safari/537.36"
14.139.238.98 - - [27/Oct/2015:09:03:18 -0400] "GET /forgotpassword/shaymlyadav360@gmail.com HTTP/1.1" 404 36 "-" "Mozilla/5.0 (X11; Linux x86_64) AppleWebKit/537.36 (KHTML, like Gecko) Ubuntu Chromium/45.0.2454.85 Chrome/45.0.2454.85 Safari/537.36"
14.139.238.98 - - [27/Oct/2015:09:11:13 -0400] "GET /forgotpassword/shaymlyadav360@gmail.com HTTP/1.1" 404 36 "-" "Mozilla/5.0 (X11; Linux x86_64) AppleWebKit/537.36 (KHTML, like Gecko) Ubuntu Chromium/45.0.2454.85 Chrome/45.0.2454.85 Safari/537.36"
